#
# There is insufficient memory for the Java Runtime Environment to continue.
# Native memory allocation (malloc) failed to allocate 1091744 bytes. Error detail: Chunk::new
# Possible reasons:
#   The system is out of physical RAM or swap space
#   This process is running with CompressedOops enabled, and the Java Heap may be blocking the growth of the native heap
# Possible solutions:
#   Reduce memory load on the system
#   Increase physical memory or swap space
#   Check if swap backing store is full
#   Decrease Java heap size (-Xmx/-Xms)
#   Decrease number of Java threads
#   Decrease Java thread stack sizes (-Xss)
#   Set larger code cache with -XX:ReservedCodeCacheSize=
#   JVM is running with Unscaled Compressed Oops mode in which the Java heap is
#     placed in the first 4GB address space. The Java Heap base address is the
#     maximum limit for the native heap growth. Please use -XX:HeapBaseMinAddress
#     to set the Java Heap base and to place the Java Heap above 4GB virtual address.
# This output file may be truncated or incomplete.
#
#  Out of Memory Error (arena.cpp:168), pid=14096, tid=14592
#
# JRE version: OpenJDK Runtime Environment Temurin-21.0.9+10 (21.0.9+10) (build 21.0.9+10-LTS)
# Java VM: OpenJDK 64-Bit Server VM Temurin-21.0.9+10 (21.0.9+10-LTS, mixed mode, sharing, tiered, compressed oops, compressed class ptrs, g1 gc, windows-amd64)
# No core dump will be written. Minidumps are not enabled by default on client versions of Windows
#

---------------  S U M M A R Y ------------

Command Line: --add-opens=java.base/java.lang=ALL-UNNAMED --add-opens=java.base/java.lang.invoke=ALL-UNNAMED --add-opens=java.base/java.util=ALL-UNNAMED --add-opens=java.prefs/java.util.prefs=ALL-UNNAMED --add-exports=jdk.compiler/com.sun.tools.javac.api=ALL-UNNAMED --add-exports=jdk.compiler/com.sun.tools.javac.util=ALL-UNNAMED --add-opens=java.base/java.util=ALL-UNNAMED --add-opens=java.prefs/java.util.prefs=ALL-UNNAMED --add-opens=java.base/java.nio.charset=ALL-UNNAMED --add-opens=java.base/java.net=ALL-UNNAMED --add-opens=java.base/java.util.concurrent.atomic=ALL-UNNAMED --add-opens=java.xml/javax.xml.namespace=ALL-UNNAMED -Xmx2048m -Dfile.encoding=UTF-8 -Duser.country=EC -Duser.language=es -Duser.variant -javaagent:C:\Users\cfm10\.gradle\wrapper\dists\gradle-8.13-bin\5xuhj0ry160q40clulazy9h7d\gradle-8.13\lib\agents\gradle-instrumentation-agent-8.13.jar org.gradle.launcher.daemon.bootstrap.GradleDaemon 8.13

Host: Intel(R) Core(TM) i3-5005U CPU @ 2.00GHz, 4 cores, 3G,  Windows 10 , 64 bit Build 19041 (10.0.19041.7291)
Time: Sat Jun  6 04:47:54 2026 Hora est. Pacífico, Sudamérica elapsed time: 150.782852 seconds (0d 0h 2m 30s)

---------------  T H R E A D  ---------------

Current thread (0x000001cbeb51edf0):  JavaThread "C2 CompilerThread0" daemon [_thread_in_native, id=14592, stack(0x000000817f200000,0x000000817f300000) (1024K)]


Current CompileTask:
C2:150785 14225       4       org.jetbrains.org.objectweb.asm.ClassReader::accept (1380 bytes)

Stack: [0x000000817f200000,0x000000817f300000]
Native frames: (J=compiled Java code, j=interpreted, Vv=VM code, C=native code)
V  [jvm.dll+0x6d6e29]
V  [jvm.dll+0x8b4b76]
V  [jvm.dll+0x8b712e]
V  [jvm.dll+0x8b7813]
V  [jvm.dll+0x283d86]
V  [jvm.dll+0xc66ed]
V  [jvm.dll+0xc6c31]
V  [jvm.dll+0x3be53b]
V  [jvm.dll+0x1e3b52]
V  [jvm.dll+0x24c0f3]
V  [jvm.dll+0x24b580]
V  [jvm.dll+0x1cb13e]
V  [jvm.dll+0x25b29d]
V  [jvm.dll+0x25982a]
V  [jvm.dll+0x3f7ea6]
V  [jvm.dll+0x85e9ad]
V  [jvm.dll+0x6d565d]
C  [ucrtbase.dll+0x21bb2]
C  [KERNEL32.DLL+0x17374]
C  [ntdll.dll+0x4cc91]


---------------  P R O C E S S  ---------------

Threads class SMR info:
_java_thread_list=0x000001cbf5284380, length=46, elements={
0x000001cbcf171600, 0x000001cbeb513760, 0x000001cbeb516480, 0x000001cbeb517ee0,
0x000001cbeb518930, 0x000001cbeb519380, 0x000001cbeb51a050, 0x000001cbeb51edf0,
0x000001cbeb545550, 0x000001cbeb75d7f0, 0x000001cbeb78c910, 0x000001cbeb8c0e70,
0x000001cbf0a6fe30, 0x000001cbf0cfe7f0, 0x000001cbf0eedae0, 0x000001cbf12a8e50,
0x000001cbf0e63570, 0x000001cbf0e62810, 0x000001cbf15a2080, 0x000001cbf15a2710,
0x000001cbf15a4e70, 0x000001cbf15a4150, 0x000001cbf15a2da0, 0x000001cbf15a3430,
0x000001cbf15a3ac0, 0x000001cbf15a5500, 0x000001cbf2119610, 0x000001cbf2118260,
0x000001cbf21188f0, 0x000001cbf2119ca0, 0x000001cbf2116820, 0x000001cbf2118f80,
0x000001cbf2116eb0, 0x000001cbf2117bd0, 0x000001cbf11b9740, 0x000001cbf11bdf70,
0x000001cbf11bb180, 0x000001cbf11bf320, 0x000001cbf11bcbc0, 0x000001cbf11bc530,
0x000001cbf11bd250, 0x000001cbf11bb810, 0x000001cbf11bbea0, 0x000001cbf11bec90,
0x000001cbf11c0040, 0x000001cbf11b9dd0
}

Java Threads: ( => current thread )
  0x000001cbcf171600 JavaThread "main"                              [_thread_blocked, id=3280, stack(0x000000817e400000,0x000000817e500000) (1024K)]
  0x000001cbeb513760 JavaThread "Reference Handler"          daemon [_thread_blocked, id=12560, stack(0x000000817ec00000,0x000000817ed00000) (1024K)]
  0x000001cbeb516480 JavaThread "Finalizer"                  daemon [_thread_blocked, id=1540, stack(0x000000817ed00000,0x000000817ee00000) (1024K)]
  0x000001cbeb517ee0 JavaThread "Signal Dispatcher"          daemon [_thread_blocked, id=4852, stack(0x000000817ee00000,0x000000817ef00000) (1024K)]
  0x000001cbeb518930 JavaThread "Attach Listener"            daemon [_thread_blocked, id=5008, stack(0x000000817ef00000,0x000000817f000000) (1024K)]
  0x000001cbeb519380 JavaThread "Service Thread"             daemon [_thread_blocked, id=10516, stack(0x000000817f000000,0x000000817f100000) (1024K)]
  0x000001cbeb51a050 JavaThread "Monitor Deflation Thread"   daemon [_thread_blocked, id=7204, stack(0x000000817f100000,0x000000817f200000) (1024K)]
=>0x000001cbeb51edf0 JavaThread "C2 CompilerThread0"         daemon [_thread_in_native, id=14592, stack(0x000000817f200000,0x000000817f300000) (1024K)]
  0x000001cbeb545550 JavaThread "C1 CompilerThread0"         daemon [_thread_blocked, id=11712, stack(0x000000817f300000,0x000000817f400000) (1024K)]
  0x000001cbeb75d7f0 JavaThread "Common-Cleaner"             daemon [_thread_blocked, id=7964, stack(0x000000817f400000,0x000000817f500000) (1024K)]
  0x000001cbeb78c910 JavaThread "Notification Thread"        daemon [_thread_blocked, id=8560, stack(0x000000817f500000,0x000000817f600000) (1024K)]
  0x000001cbeb8c0e70 JavaThread "Daemon health stats"               [_thread_blocked, id=10200, stack(0x000000817f900000,0x000000817fa00000) (1024K)]
  0x000001cbf0a6fe30 JavaThread "Incoming local TCP Connector on port 50908"        [_thread_in_native, id=10696, stack(0x000000817fa00000,0x000000817fb00000) (1024K)]
  0x000001cbf0cfe7f0 JavaThread "Daemon periodic checks"            [_thread_blocked, id=8264, stack(0x000000817fb00000,0x000000817fc00000) (1024K)]
  0x000001cbf0eedae0 JavaThread "Daemon"                            [_thread_blocked, id=11384, stack(0x000000817fc00000,0x000000817fd00000) (1024K)]
  0x000001cbf12a8e50 JavaThread "Handler for socket connection from /127.0.0.1:50908 to /127.0.0.1:50909"        [_thread_in_native, id=14132, stack(0x000000817fd00000,0x000000817fe00000) (1024K)]
  0x000001cbf0e63570 JavaThread "Cancel handler"                    [_thread_blocked, id=14456, stack(0x000000817fe00000,0x000000817ff00000) (1024K)]
  0x000001cbf0e62810 JavaThread "Daemon worker"                     [_thread_in_native, id=15676, stack(0x000000817ff00000,0x0000008180000000) (1024K)]
  0x000001cbf15a2080 JavaThread "Asynchronous log dispatcher for DefaultDaemonConnection: socket connection from /127.0.0.1:50908 to /127.0.0.1:50909"        [_thread_blocked, id=15456, stack(0x0000008100000000,0x0000008100100000) (1024K)]
  0x000001cbf15a2710 JavaThread "Stdin handler"                     [_thread_blocked, id=2100, stack(0x0000008100100000,0x0000008100200000) (1024K)]
  0x000001cbf15a4e70 JavaThread "Daemon client event forwarder"        [_thread_blocked, id=16256, stack(0x0000008100200000,0x0000008100300000) (1024K)]
  0x000001cbf15a4150 JavaThread "Cache worker for journal cache (C:\Users\cfm10\.gradle\caches\journal-1)"        [_thread_blocked, id=12680, stack(0x0000008100300000,0x0000008100400000) (1024K)]
  0x000001cbf15a2da0 JavaThread "File lock request listener"        [_thread_in_native, id=10724, stack(0x0000008100400000,0x0000008100500000) (1024K)]
  0x000001cbf15a3430 JavaThread "Cache worker for file hash cache (C:\Users\cfm10\.gradle\caches\8.13\fileHashes)"        [_thread_blocked, id=1600, stack(0x0000008100500000,0x0000008100600000) (1024K)]
  0x000001cbf15a3ac0 JavaThread "Cache worker for file hash cache (C:\desarrollo\app\.gradle\8.13\fileHashes)"        [_thread_blocked, id=15420, stack(0x0000008100600000,0x0000008100700000) (1024K)]
  0x000001cbf15a5500 JavaThread "Cache worker for Build Output Cleanup Cache (C:\desarrollo\app\.gradle\buildOutputCleanup)"        [_thread_blocked, id=12900, stack(0x0000008100700000,0x0000008100800000) (1024K)]
  0x000001cbf2119610 JavaThread "File lock release action executor"        [_thread_blocked, id=14776, stack(0x0000008100800000,0x0000008100900000) (1024K)]
  0x000001cbf2118260 JavaThread "File watcher server"        daemon [_thread_in_native, id=15976, stack(0x0000008100900000,0x0000008100a00000) (1024K)]
  0x000001cbf21188f0 JavaThread "File watcher consumer"      daemon [_thread_blocked, id=1484, stack(0x0000008100a00000,0x0000008100b00000) (1024K)]
  0x000001cbf2119ca0 JavaThread "jar transforms"                    [_thread_blocked, id=9720, stack(0x0000008100b00000,0x0000008100c00000) (1024K)]
  0x000001cbf2116820 JavaThread "jar transforms Thread 2"           [_thread_blocked, id=14920, stack(0x0000008100c00000,0x0000008100d00000) (1024K)]
  0x000001cbf2118f80 JavaThread "Cache worker for checksums cache (C:\desarrollo\app\.gradle\8.13\checksums)"        [_thread_blocked, id=10492, stack(0x0000008100d00000,0x0000008100e00000) (1024K)]
  0x000001cbf2116eb0 JavaThread "Cache worker for file content cache (C:\Users\cfm10\.gradle\caches\8.13\fileContent)"        [_thread_blocked, id=14320, stack(0x0000008100e00000,0x0000008100f00000) (1024K)]
  0x000001cbf2117bd0 JavaThread "Cache worker for cache directory md-supplier (C:\Users\cfm10\.gradle\caches\8.13\md-supplier)"        [_thread_blocked, id=10804, stack(0x0000008100f00000,0x0000008101000000) (1024K)]
  0x000001cbf11b9740 JavaThread "Cache worker for cache directory md-rule (C:\Users\cfm10\.gradle\caches\8.13\md-rule)"        [_thread_blocked, id=5440, stack(0x0000008101000000,0x0000008101100000) (1024K)]
  0x000001cbf11bdf70 JavaThread "Unconstrained build operations"        [_thread_blocked, id=4248, stack(0x0000008101100000,0x0000008101200000) (1024K)]
  0x000001cbf11bb180 JavaThread "Unconstrained build operations Thread 2"        [_thread_blocked, id=10176, stack(0x0000008101200000,0x0000008101300000) (1024K)]
  0x000001cbf11bf320 JavaThread "Unconstrained build operations Thread 3"        [_thread_blocked, id=2464, stack(0x0000008101300000,0x0000008101400000) (1024K)]
  0x000001cbf11bcbc0 JavaThread "Unconstrained build operations Thread 4"        [_thread_blocked, id=2940, stack(0x0000008101400000,0x0000008101500000) (1024K)]
  0x000001cbf11bc530 JavaThread "Unconstrained build operations Thread 5"        [_thread_blocked, id=14116, stack(0x0000008101500000,0x0000008101600000) (1024K)]
  0x000001cbf11bd250 JavaThread "Unconstrained build operations Thread 6"        [_thread_blocked, id=1344, stack(0x0000008101600000,0x0000008101700000) (1024K)]
  0x000001cbf11bb810 JavaThread "Unconstrained build operations Thread 7"        [_thread_blocked, id=12936, stack(0x0000008101700000,0x0000008101800000) (1024K)]
  0x000001cbf11bbea0 JavaThread "Unconstrained build operations Thread 8"        [_thread_blocked, id=10148, stack(0x0000008101800000,0x0000008101900000) (1024K)]
  0x000001cbf11bec90 JavaThread "Unconstrained build operations Thread 9"        [_thread_blocked, id=16068, stack(0x0000008101900000,0x0000008101a00000) (1024K)]
  0x000001cbf11c0040 JavaThread "Memory manager"                    [_thread_blocked, id=13400, stack(0x0000008101a00000,0x0000008101b00000) (1024K)]
  0x000001cbf11b9dd0 JavaThread "build event listener"              [_thread_blocked, id=2840, stack(0x0000008101b00000,0x0000008101c00000) (1024K)]
Total: 46

Other Threads:
  0x000001cbeb4f9710 VMThread "VM Thread"                           [id=10752, stack(0x000000817eb00000,0x000000817ec00000) (1024K)]
  0x000001cbeb4e7b20 WatcherThread "VM Periodic Task Thread"        [id=2116, stack(0x000000817ea00000,0x000000817eb00000) (1024K)]
  0x000001cbcf1caa00 WorkerThread "GC Thread#0"                     [id=12760, stack(0x000000817e500000,0x000000817e600000) (1024K)]
  0x000001cbeb828540 WorkerThread "GC Thread#1"                     [id=6976, stack(0x000000817f600000,0x000000817f700000) (1024K)]
  0x000001cbeb8191b0 WorkerThread "GC Thread#2"                     [id=9708, stack(0x000000817f700000,0x000000817f800000) (1024K)]
  0x000001cbf04305a0 WorkerThread "GC Thread#3"                     [id=6320, stack(0x000000817f800000,0x000000817f900000) (1024K)]
  0x000001cbcf1dc900 ConcurrentGCThread "G1 Main Marker"            [id=2544, stack(0x000000817e600000,0x000000817e700000) (1024K)]
  0x000001cbcf1dd310 WorkerThread "G1 Conc#0"                       [id=13784, stack(0x000000817e700000,0x000000817e800000) (1024K)]
  0x000001cbeb3c0090 ConcurrentGCThread "G1 Refine#0"               [id=13360, stack(0x000000817e800000,0x000000817e900000) (1024K)]
  0x000001cbeb3c0b10 ConcurrentGCThread "G1 Service"                [id=10168, stack(0x000000817e900000,0x000000817ea00000) (1024K)]
Total: 10

Threads with active compile tasks:
C2 CompilerThread0  150957 14225       4       org.jetbrains.org.objectweb.asm.ClassReader::accept (1380 bytes)
Total: 1

VM state: not at safepoint (normal execution)

VM Mutex/Monitor currently owned by a thread: None

Heap address: 0x0000000080000000, size: 2048 MB, Compressed Oops mode: 32-bit

CDS archive(s) mapped at: [0x000001cb80000000-0x000001cb80c80000-0x000001cb80c80000), size 13107200, SharedBaseAddress: 0x000001cb80000000, ArchiveRelocationMode: 1.
Compressed class space mapped at: 0x000001cb81000000-0x000001cbc1000000, reserved size: 1073741824
Narrow klass base: 0x000001cb80000000, Narrow klass shift: 0, Narrow klass range: 0x100000000

GC Precious Log:
 CardTable entry size: 512
 Card Set container configuration: InlinePtr #cards 5 size 8 Array Of Cards #cards 12 size 40 Howl #buckets 4 coarsen threshold 1843 Howl Bitmap #cards 512 size 80 coarsen threshold 460 Card regions per heap region 1 cards per card region 2048
 CPUs: 4 total, 4 available
 Memory: 4016M
 Large Page Support: Disabled
 NUMA Support: Disabled
 Compressed Oops: Enabled (32-bit)
 Heap Region Size: 1M
 Heap Min Capacity: 8M
 Heap Initial Capacity: 64M
 Heap Max Capacity: 2G
 Pre-touch: Disabled
 Parallel Workers: 4
 Concurrent Workers: 1
 Concurrent Refinement Workers: 4
 Periodic GC: Disabled

Heap:
 garbage-first heap   total 235520K, used 156345K [0x0000000080000000, 0x0000000100000000)
  region size 1024K, 9 young (9216K), 6 survivors (6144K)
 Metaspace       used 123914K, committed 126528K, reserved 1179648K
  class space    used 16698K, committed 17984K, reserved 1048576K

Heap Regions: E=young(eden), S=young(survivor), O=old, HS=humongous(starts), HC=humongous(continues), CS=collection set, F=free, TAMS=top-at-mark-start, PB=parsable bottom
|   0|0x0000000080000000, 0x0000000080100000, 0x0000000080100000|100%|HS|  |TAMS 0x0000000080100000| PB 0x0000000080000000| Complete 
|   1|0x0000000080100000, 0x0000000080200000, 0x0000000080200000|100%|HC|  |TAMS 0x0000000080200000| PB 0x0000000080100000| Complete 
|   2|0x0000000080200000, 0x0000000080300000, 0x0000000080300000|100%|HC|  |TAMS 0x0000000080300000| PB 0x0000000080200000| Complete 
|   3|0x0000000080300000, 0x0000000080400000, 0x0000000080400000|100%| O|  |TAMS 0x0000000080400000| PB 0x0000000080300000| Untracked 
|   4|0x0000000080400000, 0x0000000080500000, 0x0000000080500000|100%| O|  |TAMS 0x0000000080500000| PB 0x0000000080400000| Untracked 
|   5|0x0000000080500000, 0x0000000080600000, 0x0000000080600000|100%| O|  |TAMS 0x0000000080600000| PB 0x0000000080500000| Untracked 
|   6|0x0000000080600000, 0x0000000080700000, 0x0000000080700000|100%| O|  |TAMS 0x0000000080700000| PB 0x0000000080600000| Untracked 
|   7|0x0000000080700000, 0x0000000080800000, 0x0000000080800000|100%| O|  |TAMS 0x0000000080800000| PB 0x0000000080700000| Untracked 
|   8|0x0000000080800000, 0x0000000080900000, 0x0000000080900000|100%| O|  |TAMS 0x0000000080900000| PB 0x0000000080800000| Untracked 
|   9|0x0000000080900000, 0x0000000080a00000, 0x0000000080a00000|100%| O|  |TAMS 0x0000000080a00000| PB 0x0000000080900000| Untracked 
|  10|0x0000000080a00000, 0x0000000080b00000, 0x0000000080b00000|100%| O|  |TAMS 0x0000000080b00000| PB 0x0000000080a00000| Untracked 
|  11|0x0000000080b00000, 0x0000000080c00000, 0x0000000080c00000|100%|HS|  |TAMS 0x0000000080c00000| PB 0x0000000080b00000| Complete 
|  12|0x0000000080c00000, 0x0000000080d00000, 0x0000000080d00000|100%| O|  |TAMS 0x0000000080d00000| PB 0x0000000080c00000| Untracked 
|  13|0x0000000080d00000, 0x0000000080e00000, 0x0000000080e00000|100%| O|  |TAMS 0x0000000080e00000| PB 0x0000000080d00000| Untracked 
|  14|0x0000000080e00000, 0x0000000080f00000, 0x0000000080f00000|100%| O|  |TAMS 0x0000000080f00000| PB 0x0000000080e00000| Untracked 
|  15|0x0000000080f00000, 0x0000000081000000, 0x0000000081000000|100%| O|  |TAMS 0x0000000081000000| PB 0x0000000080f00000| Untracked 
|  16|0x0000000081000000, 0x0000000081100000, 0x0000000081100000|100%| O|  |TAMS 0x0000000081100000| PB 0x0000000081000000| Untracked 
|  17|0x0000000081100000, 0x0000000081200000, 0x0000000081200000|100%| O|  |TAMS 0x0000000081200000| PB 0x0000000081100000| Untracked 
|  18|0x0000000081200000, 0x0000000081300000, 0x0000000081300000|100%| O|  |TAMS 0x0000000081300000| PB 0x0000000081200000| Untracked 
|  19|0x0000000081300000, 0x0000000081400000, 0x0000000081400000|100%| O|  |TAMS 0x0000000081400000| PB 0x0000000081300000| Untracked 
|  20|0x0000000081400000, 0x0000000081500000, 0x0000000081500000|100%| O|  |TAMS 0x0000000081500000| PB 0x0000000081400000| Untracked 
|  21|0x0000000081500000, 0x0000000081600000, 0x0000000081600000|100%| O|  |TAMS 0x0000000081600000| PB 0x0000000081500000| Untracked 
|  22|0x0000000081600000, 0x0000000081700000, 0x0000000081700000|100%| O|  |TAMS 0x0000000081700000| PB 0x0000000081600000| Untracked 
|  23|0x0000000081700000, 0x0000000081800000, 0x0000000081800000|100%| O|  |TAMS 0x0000000081800000| PB 0x0000000081700000| Untracked 
|  24|0x0000000081800000, 0x0000000081900000, 0x0000000081900000|100%| O|  |TAMS 0x0000000081900000| PB 0x0000000081800000| Untracked 
|  25|0x0000000081900000, 0x0000000081a00000, 0x0000000081a00000|100%| O|  |TAMS 0x0000000081a00000| PB 0x0000000081900000| Untracked 
|  26|0x0000000081a00000, 0x0000000081b00000, 0x0000000081b00000|100%| O|  |TAMS 0x0000000081b00000| PB 0x0000000081a00000| Untracked 
|  27|0x0000000081b00000, 0x0000000081c00000, 0x0000000081c00000|100%| O|  |TAMS 0x0000000081c00000| PB 0x0000000081b00000| Untracked 
|  28|0x0000000081c00000, 0x0000000081d00000, 0x0000000081d00000|100%| O|  |TAMS 0x0000000081d00000| PB 0x0000000081c00000| Untracked 
|  29|0x0000000081d00000, 0x0000000081e00000, 0x0000000081e00000|100%| O|  |TAMS 0x0000000081e00000| PB 0x0000000081d00000| Untracked 
|  30|0x0000000081e00000, 0x0000000081f00000, 0x0000000081f00000|100%| O|  |TAMS 0x0000000081f00000| PB 0x0000000081e00000| Untracked 
|  31|0x0000000081f00000, 0x0000000082000000, 0x0000000082000000|100%| O|  |TAMS 0x0000000082000000| PB 0x0000000081f00000| Untracked 
|  32|0x0000000082000000, 0x0000000082100000, 0x0000000082100000|100%| O|  |TAMS 0x0000000082100000| PB 0x0000000082000000| Untracked 
|  33|0x0000000082100000, 0x0000000082200000, 0x0000000082200000|100%| O|  |TAMS 0x0000000082200000| PB 0x0000000082100000| Untracked 
|  34|0x0000000082200000, 0x0000000082300000, 0x0000000082300000|100%| O|  |TAMS 0x0000000082300000| PB 0x0000000082200000| Untracked 
|  35|0x0000000082300000, 0x0000000082400000, 0x0000000082400000|100%| O|  |TAMS 0x0000000082400000| PB 0x0000000082300000| Untracked 
|  36|0x0000000082400000, 0x0000000082500000, 0x0000000082500000|100%| O|  |TAMS 0x0000000082500000| PB 0x0000000082400000| Untracked 
|  37|0x0000000082500000, 0x0000000082600000, 0x0000000082600000|100%| O|  |TAMS 0x0000000082600000| PB 0x0000000082500000| Untracked 
|  38|0x0000000082600000, 0x0000000082700000, 0x0000000082700000|100%| O|  |TAMS 0x0000000082700000| PB 0x0000000082600000| Untracked 
|  39|0x0000000082700000, 0x0000000082800000, 0x0000000082800000|100%| O|  |TAMS 0x0000000082800000| PB 0x0000000082700000| Untracked 
|  40|0x0000000082800000, 0x0000000082900000, 0x0000000082900000|100%| O|  |TAMS 0x0000000082900000| PB 0x0000000082800000| Untracked 
|  41|0x0000000082900000, 0x0000000082a00000, 0x0000000082a00000|100%| O|  |TAMS 0x0000000082a00000| PB 0x0000000082900000| Untracked 
|  42|0x0000000082a00000, 0x0000000082b00000, 0x0000000082b00000|100%| O|  |TAMS 0x0000000082b00000| PB 0x0000000082a00000| Untracked 
|  43|0x0000000082b00000, 0x0000000082c00000, 0x0000000082c00000|100%| O|  |TAMS 0x0000000082c00000| PB 0x0000000082b00000| Untracked 
|  44|0x0000000082c00000, 0x0000000082d00000, 0x0000000082d00000|100%| O|  |TAMS 0x0000000082d00000| PB 0x0000000082c00000| Untracked 
|  45|0x0000000082d00000, 0x0000000082e00000, 0x0000000082e00000|100%|HS|  |TAMS 0x0000000082e00000| PB 0x0000000082d00000| Complete 
|  46|0x0000000082e00000, 0x0000000082f00000, 0x0000000082f00000|100%| O|  |TAMS 0x0000000082f00000| PB 0x0000000082e00000| Untracked 
|  47|0x0000000082f00000, 0x0000000083000000, 0x0000000083000000|100%|HS|  |TAMS 0x0000000083000000| PB 0x0000000082f00000| Complete 
|  48|0x0000000083000000, 0x0000000083100000, 0x0000000083100000|100%|HS|  |TAMS 0x0000000083100000| PB 0x0000000083000000| Complete 
|  49|0x0000000083100000, 0x0000000083200000, 0x0000000083200000|100%|HC|  |TAMS 0x0000000083200000| PB 0x0000000083100000| Complete 
|  50|0x0000000083200000, 0x0000000083300000, 0x0000000083300000|100%|HS|  |TAMS 0x0000000083300000| PB 0x0000000083200000| Complete 
|  51|0x0000000083300000, 0x0000000083400000, 0x0000000083400000|100%|HC|  |TAMS 0x0000000083400000| PB 0x0000000083300000| Complete 
|  52|0x0000000083400000, 0x0000000083500000, 0x0000000083500000|100%|HS|  |TAMS 0x0000000083500000| PB 0x0000000083400000| Complete 
|  53|0x0000000083500000, 0x0000000083600000, 0x0000000083600000|100%|HC|  |TAMS 0x0000000083600000| PB 0x0000000083500000| Complete 
|  54|0x0000000083600000, 0x0000000083700000, 0x0000000083700000|100%|HC|  |TAMS 0x0000000083700000| PB 0x0000000083600000| Complete 
|  55|0x0000000083700000, 0x0000000083800000, 0x0000000083800000|100%|HS|  |TAMS 0x0000000083800000| PB 0x0000000083700000| Complete 
|  56|0x0000000083800000, 0x0000000083900000, 0x0000000083900000|100%|HS|  |TAMS 0x0000000083900000| PB 0x0000000083800000| Complete 
|  57|0x0000000083900000, 0x0000000083a00000, 0x0000000083a00000|100%| O|  |TAMS 0x0000000083a00000| PB 0x0000000083900000| Untracked 
|  58|0x0000000083a00000, 0x0000000083b00000, 0x0000000083b00000|100%| O|  |TAMS 0x0000000083b00000| PB 0x0000000083a00000| Untracked 
|  59|0x0000000083b00000, 0x0000000083c00000, 0x0000000083c00000|100%| O|  |TAMS 0x0000000083c00000| PB 0x0000000083b00000| Untracked 
|  60|0x0000000083c00000, 0x0000000083d00000, 0x0000000083d00000|100%| O|  |TAMS 0x0000000083d00000| PB 0x0000000083c00000| Untracked 
|  61|0x0000000083d00000, 0x0000000083e00000, 0x0000000083e00000|100%|HS|  |TAMS 0x0000000083e00000| PB 0x0000000083d00000| Complete 
|  62|0x0000000083e00000, 0x0000000083f00000, 0x0000000083f00000|100%|HS|  |TAMS 0x0000000083f00000| PB 0x0000000083e00000| Complete 
|  63|0x0000000083f00000, 0x0000000084000000, 0x0000000084000000|100%| O|  |TAMS 0x0000000084000000| PB 0x0000000083f00000| Untracked 
|  64|0x0000000084000000, 0x0000000084100000, 0x0000000084100000|100%| O|  |TAMS 0x0000000084100000| PB 0x0000000084000000| Untracked 
|  65|0x0000000084100000, 0x0000000084200000, 0x0000000084200000|100%| O|  |TAMS 0x0000000084200000| PB 0x0000000084100000| Untracked 
|  66|0x0000000084200000, 0x0000000084300000, 0x0000000084300000|100%| O|  |TAMS 0x0000000084300000| PB 0x0000000084200000| Untracked 
|  67|0x0000000084300000, 0x0000000084400000, 0x0000000084400000|100%|HS|  |TAMS 0x0000000084400000| PB 0x0000000084300000| Complete 
|  68|0x0000000084400000, 0x0000000084500000, 0x0000000084500000|100%| O|  |TAMS 0x0000000084500000| PB 0x0000000084400000| Untracked 
|  69|0x0000000084500000, 0x0000000084600000, 0x0000000084600000|100%| O|  |TAMS 0x0000000084600000| PB 0x0000000084500000| Untracked 
|  70|0x0000000084600000, 0x0000000084700000, 0x0000000084700000|100%| O|  |TAMS 0x0000000084700000| PB 0x0000000084600000| Untracked 
|  71|0x0000000084700000, 0x0000000084800000, 0x0000000084800000|100%|HS|  |TAMS 0x0000000084800000| PB 0x0000000084700000| Complete 
|  72|0x0000000084800000, 0x0000000084900000, 0x0000000084900000|100%|HC|  |TAMS 0x0000000084900000| PB 0x0000000084800000| Complete 
|  73|0x0000000084900000, 0x0000000084a00000, 0x0000000084a00000|100%|HC|  |TAMS 0x0000000084a00000| PB 0x0000000084900000| Complete 
|  74|0x0000000084a00000, 0x0000000084b00000, 0x0000000084b00000|100%| O|  |TAMS 0x0000000084b00000| PB 0x0000000084a00000| Untracked 
|  75|0x0000000084b00000, 0x0000000084c00000, 0x0000000084c00000|100%| O|  |TAMS 0x0000000084c00000| PB 0x0000000084b00000| Untracked 
|  76|0x0000000084c00000, 0x0000000084d00000, 0x0000000084d00000|100%| O|  |TAMS 0x0000000084d00000| PB 0x0000000084c00000| Untracked 
|  77|0x0000000084d00000, 0x0000000084e00000, 0x0000000084e00000|100%| O|  |TAMS 0x0000000084e00000| PB 0x0000000084d00000| Untracked 
|  78|0x0000000084e00000, 0x0000000084f00000, 0x0000000084f00000|100%| O|  |TAMS 0x0000000084f00000| PB 0x0000000084e00000| Untracked 
|  79|0x0000000084f00000, 0x0000000085000000, 0x0000000085000000|100%| O|  |TAMS 0x0000000085000000| PB 0x0000000084f00000| Untracked 
|  80|0x0000000085000000, 0x0000000085100000, 0x0000000085100000|100%| O|  |TAMS 0x0000000085100000| PB 0x0000000085000000| Untracked 
|  81|0x0000000085100000, 0x0000000085200000, 0x0000000085200000|100%| O|  |TAMS 0x0000000085200000| PB 0x0000000085100000| Untracked 
|  82|0x0000000085200000, 0x0000000085300000, 0x0000000085300000|100%| O|  |TAMS 0x0000000085300000| PB 0x0000000085200000| Untracked 
|  83|0x0000000085300000, 0x0000000085400000, 0x0000000085400000|100%| O|  |TAMS 0x0000000085400000| PB 0x0000000085300000| Untracked 
|  84|0x0000000085400000, 0x0000000085500000, 0x0000000085500000|100%| O|  |TAMS 0x0000000085500000| PB 0x0000000085400000| Untracked 
|  85|0x0000000085500000, 0x0000000085600000, 0x0000000085600000|100%| O|  |TAMS 0x0000000085600000| PB 0x0000000085500000| Untracked 
|  86|0x0000000085600000, 0x0000000085700000, 0x0000000085700000|100%| O|  |TAMS 0x0000000085700000| PB 0x0000000085600000| Untracked 
|  87|0x0000000085700000, 0x0000000085800000, 0x0000000085800000|100%| O|  |TAMS 0x0000000085800000| PB 0x0000000085700000| Untracked 
|  88|0x0000000085800000, 0x0000000085900000, 0x0000000085900000|100%|HS|  |TAMS 0x0000000085900000| PB 0x0000000085800000| Complete 
|  89|0x0000000085900000, 0x0000000085a00000, 0x0000000085a00000|100%| O|  |TAMS 0x0000000085a00000| PB 0x0000000085900000| Untracked 
|  90|0x0000000085a00000, 0x0000000085b00000, 0x0000000085b00000|100%| O|  |TAMS 0x0000000085b00000| PB 0x0000000085a00000| Untracked 
|  91|0x0000000085b00000, 0x0000000085c00000, 0x0000000085c00000|100%| O|  |TAMS 0x0000000085c00000| PB 0x0000000085b00000| Untracked 
|  92|0x0000000085c00000, 0x0000000085d00000, 0x0000000085d00000|100%| O|  |TAMS 0x0000000085d00000| PB 0x0000000085c00000| Untracked 
|  93|0x0000000085d00000, 0x0000000085e00000, 0x0000000085e00000|100%| O|  |TAMS 0x0000000085e00000| PB 0x0000000085d00000| Untracked 
|  94|0x0000000085e00000, 0x0000000085f00000, 0x0000000085f00000|100%| O|  |TAMS 0x0000000085f00000| PB 0x0000000085e00000| Untracked 
|  95|0x0000000085f00000, 0x0000000086000000, 0x0000000086000000|100%| O|  |TAMS 0x0000000086000000| PB 0x0000000085f00000| Untracked 
|  96|0x0000000086000000, 0x0000000086100000, 0x0000000086100000|100%| O|  |TAMS 0x0000000086100000| PB 0x0000000086000000| Untracked 
|  97|0x0000000086100000, 0x0000000086200000, 0x0000000086200000|100%| O|  |TAMS 0x0000000086200000| PB 0x0000000086100000| Untracked 
|  98|0x0000000086200000, 0x0000000086300000, 0x0000000086300000|100%| O|  |TAMS 0x0000000086300000| PB 0x0000000086200000| Untracked 
|  99|0x0000000086300000, 0x0000000086400000, 0x0000000086400000|100%| O|  |TAMS 0x0000000086400000| PB 0x0000000086300000| Untracked 
| 100|0x0000000086400000, 0x0000000086500000, 0x0000000086500000|100%| O|  |TAMS 0x0000000086500000| PB 0x0000000086400000| Untracked 
| 101|0x0000000086500000, 0x0000000086600000, 0x0000000086600000|100%| O|  |TAMS 0x0000000086600000| PB 0x0000000086500000| Untracked 
| 102|0x0000000086600000, 0x0000000086700000, 0x0000000086700000|100%| O|  |TAMS 0x0000000086700000| PB 0x0000000086600000| Untracked 
| 103|0x0000000086700000, 0x0000000086800000, 0x0000000086800000|100%| O|  |TAMS 0x0000000086800000| PB 0x0000000086700000| Untracked 
| 104|0x0000000086800000, 0x0000000086900000, 0x0000000086900000|100%| O|  |TAMS 0x0000000086900000| PB 0x0000000086800000| Untracked 
| 105|0x0000000086900000, 0x0000000086a00000, 0x0000000086a00000|100%| O|  |TAMS 0x0000000086a00000| PB 0x0000000086900000| Untracked 
| 106|0x0000000086a00000, 0x0000000086b00000, 0x0000000086b00000|100%| O|  |TAMS 0x0000000086a00000| PB 0x0000000086a00000| Untracked 
| 107|0x0000000086b00000, 0x0000000086c00000, 0x0000000086c00000|100%| O|  |TAMS 0x0000000086c00000| PB 0x0000000086b00000| Untracked 
| 108|0x0000000086c00000, 0x0000000086d00000, 0x0000000086d00000|100%| O|  |TAMS 0x0000000086d00000| PB 0x0000000086c00000| Untracked 
| 109|0x0000000086d00000, 0x0000000086e00000, 0x0000000086e00000|100%| O|  |TAMS 0x0000000086e00000| PB 0x0000000086d00000| Untracked 
| 110|0x0000000086e00000, 0x0000000086f00000, 0x0000000086f00000|100%| O|  |TAMS 0x0000000086f00000| PB 0x0000000086e00000| Untracked 
| 111|0x0000000086f00000, 0x0000000087000000, 0x0000000087000000|100%| O|  |TAMS 0x0000000086f00000| PB 0x0000000086f00000| Untracked 
| 112|0x0000000087000000, 0x0000000087100000, 0x0000000087100000|100%|HS|  |TAMS 0x0000000087100000| PB 0x0000000087000000| Complete 
| 113|0x0000000087100000, 0x0000000087200000, 0x0000000087200000|100%|HC|  |TAMS 0x0000000087200000| PB 0x0000000087100000| Complete 
| 114|0x0000000087200000, 0x0000000087300000, 0x0000000087300000|100%|HC|  |TAMS 0x0000000087300000| PB 0x0000000087200000| Complete 
| 115|0x0000000087300000, 0x0000000087400000, 0x0000000087400000|100%|HC|  |TAMS 0x0000000087400000| PB 0x0000000087300000| Complete 
| 116|0x0000000087400000, 0x0000000087500000, 0x0000000087500000|100%|HC|  |TAMS 0x0000000087500000| PB 0x0000000087400000| Complete 
| 117|0x0000000087500000, 0x0000000087600000, 0x0000000087600000|100%|HC|  |TAMS 0x0000000087600000| PB 0x0000000087500000| Complete 
| 118|0x0000000087600000, 0x0000000087700000, 0x0000000087700000|100%| O|  |TAMS 0x0000000087700000| PB 0x0000000087600000| Untracked 
| 119|0x0000000087700000, 0x0000000087800000, 0x0000000087800000|100%| O|  |TAMS 0x0000000087700000| PB 0x0000000087700000| Untracked 
| 120|0x0000000087800000, 0x0000000087900000, 0x0000000087900000|100%| O|  |TAMS 0x0000000087800000| PB 0x0000000087800000| Untracked 
| 121|0x0000000087900000, 0x0000000087a00000, 0x0000000087a00000|100%| O|  |TAMS 0x0000000087a00000| PB 0x0000000087900000| Untracked 
| 122|0x0000000087a00000, 0x0000000087b00000, 0x0000000087b00000|100%| O|  |TAMS 0x0000000087b00000| PB 0x0000000087a00000| Untracked 
| 123|0x0000000087b00000, 0x0000000087c00000, 0x0000000087c00000|100%| O|  |TAMS 0x0000000087c00000| PB 0x0000000087b00000| Untracked 
| 124|0x0000000087c00000, 0x0000000087d00000, 0x0000000087d00000|100%| O|  |TAMS 0x0000000087d00000| PB 0x0000000087c00000| Untracked 
| 125|0x0000000087d00000, 0x0000000087e00000, 0x0000000087e00000|100%| O|  |TAMS 0x0000000087e00000| PB 0x0000000087d00000| Untracked 
| 126|0x0000000087e00000, 0x0000000087f00000, 0x0000000087f00000|100%| O|  |TAMS 0x0000000087f00000| PB 0x0000000087e00000| Untracked 
| 127|0x0000000087f00000, 0x0000000088000000, 0x0000000088000000|100%| O|  |TAMS 0x0000000088000000| PB 0x0000000087f00000| Untracked 
| 128|0x0000000088000000, 0x0000000088100000, 0x0000000088100000|100%| O|  |TAMS 0x0000000088100000| PB 0x0000000088000000| Untracked 
| 129|0x0000000088100000, 0x0000000088200000, 0x0000000088200000|100%| O|  |TAMS 0x0000000088200000| PB 0x0000000088100000| Untracked 
| 130|0x0000000088200000, 0x0000000088300000, 0x0000000088300000|100%| O|  |TAMS 0x0000000088300000| PB 0x0000000088200000| Untracked 
| 131|0x0000000088300000, 0x0000000088400000, 0x0000000088400000|100%| O|  |TAMS 0x00000000883d7460| PB 0x0000000088300000| Untracked 
| 132|0x0000000088400000, 0x0000000088500000, 0x0000000088500000|100%| O|  |TAMS 0x0000000088400000| PB 0x0000000088400000| Untracked 
| 133|0x0000000088500000, 0x0000000088600000, 0x0000000088600000|100%| O|  |TAMS 0x0000000088500000| PB 0x0000000088500000| Untracked 
| 134|0x0000000088600000, 0x0000000088700000, 0x0000000088700000|100%| O|  |TAMS 0x0000000088600000| PB 0x0000000088600000| Untracked 
| 135|0x0000000088700000, 0x0000000088800000, 0x0000000088800000|100%| O|  |TAMS 0x0000000088700000| PB 0x0000000088700000| Untracked 
| 136|0x0000000088800000, 0x00000000888ae5d0, 0x0000000088900000| 68%| O|  |TAMS 0x0000000088800000| PB 0x0000000088800000| Untracked 
| 137|0x0000000088900000, 0x0000000088900000, 0x0000000088a00000|  0%| F|  |TAMS 0x0000000088900000| PB 0x0000000088900000| Untracked 
| 138|0x0000000088a00000, 0x0000000088a00000, 0x0000000088b00000|  0%| F|  |TAMS 0x0000000088a00000| PB 0x0000000088a00000| Untracked 
| 139|0x0000000088b00000, 0x0000000088b00000, 0x0000000088c00000|  0%| F|  |TAMS 0x0000000088b00000| PB 0x0000000088b00000| Untracked 
| 140|0x0000000088c00000, 0x0000000088c00000, 0x0000000088d00000|  0%| F|  |TAMS 0x0000000088c00000| PB 0x0000000088c00000| Untracked 
| 141|0x0000000088d00000, 0x0000000088d00000, 0x0000000088e00000|  0%| F|  |TAMS 0x0000000088d00000| PB 0x0000000088d00000| Untracked 
| 142|0x0000000088e00000, 0x0000000088e00000, 0x0000000088f00000|  0%| F|  |TAMS 0x0000000088e00000| PB 0x0000000088e00000| Untracked 
| 143|0x0000000088f00000, 0x0000000088f00000, 0x0000000089000000|  0%| F|  |TAMS 0x0000000088f00000| PB 0x0000000088f00000| Untracked 
| 144|0x0000000089000000, 0x0000000089000000, 0x0000000089100000|  0%| F|  |TAMS 0x0000000089000000| PB 0x0000000089000000| Untracked 
| 145|0x0000000089100000, 0x0000000089100000, 0x0000000089200000|  0%| F|  |TAMS 0x0000000089100000| PB 0x0000000089100000| Untracked 
| 146|0x0000000089200000, 0x0000000089200000, 0x0000000089300000|  0%| F|  |TAMS 0x0000000089200000| PB 0x0000000089200000| Untracked 
| 147|0x0000000089300000, 0x0000000089300000, 0x0000000089400000|  0%| F|  |TAMS 0x0000000089300000| PB 0x0000000089300000| Untracked 
| 148|0x0000000089400000, 0x0000000089400000, 0x0000000089500000|  0%| F|  |TAMS 0x0000000089400000| PB 0x0000000089400000| Untracked 
| 149|0x0000000089500000, 0x0000000089500000, 0x0000000089600000|  0%| F|  |TAMS 0x0000000089500000| PB 0x0000000089500000| Untracked 
| 150|0x0000000089600000, 0x0000000089600000, 0x0000000089700000|  0%| F|  |TAMS 0x0000000089600000| PB 0x0000000089600000| Untracked 
| 151|0x0000000089700000, 0x0000000089700000, 0x0000000089800000|  0%| F|  |TAMS 0x0000000089700000| PB 0x0000000089700000| Untracked 
| 152|0x0000000089800000, 0x0000000089900000, 0x0000000089900000|100%| S|CS|TAMS 0x0000000089800000| PB 0x0000000089800000| Complete 
| 153|0x0000000089900000, 0x0000000089a00000, 0x0000000089a00000|100%| S|CS|TAMS 0x0000000089900000| PB 0x0000000089900000| Complete 
| 154|0x0000000089a00000, 0x0000000089b00000, 0x0000000089b00000|100%| S|CS|TAMS 0x0000000089a00000| PB 0x0000000089a00000| Complete 
| 155|0x0000000089b00000, 0x0000000089c00000, 0x0000000089c00000|100%| S|CS|TAMS 0x0000000089b00000| PB 0x0000000089b00000| Complete 
| 156|0x0000000089c00000, 0x0000000089d00000, 0x0000000089d00000|100%| S|CS|TAMS 0x0000000089c00000| PB 0x0000000089c00000| Complete 
| 157|0x0000000089d00000, 0x0000000089e00000, 0x0000000089e00000|100%| S|CS|TAMS 0x0000000089d00000| PB 0x0000000089d00000| Complete 
| 158|0x0000000089e00000, 0x0000000089e00000, 0x0000000089f00000|  0%| F|  |TAMS 0x0000000089e00000| PB 0x0000000089e00000| Untracked 
| 159|0x0000000089f00000, 0x0000000089f00000, 0x000000008a000000|  0%| F|  |TAMS 0x0000000089f00000| PB 0x0000000089f00000| Untracked 
| 160|0x000000008a000000, 0x000000008a000000, 0x000000008a100000|  0%| F|  |TAMS 0x000000008a000000| PB 0x000000008a000000| Untracked 
| 161|0x000000008a100000, 0x000000008a100000, 0x000000008a200000|  0%| F|  |TAMS 0x000000008a100000| PB 0x000000008a100000| Untracked 
| 162|0x000000008a200000, 0x000000008a200000, 0x000000008a300000|  0%| F|  |TAMS 0x000000008a200000| PB 0x000000008a200000| Untracked 
| 163|0x000000008a300000, 0x000000008a300000, 0x000000008a400000|  0%| F|  |TAMS 0x000000008a300000| PB 0x000000008a300000| Untracked 
| 164|0x000000008a400000, 0x000000008a400000, 0x000000008a500000|  0%| F|  |TAMS 0x000000008a400000| PB 0x000000008a400000| Untracked 
| 165|0x000000008a500000, 0x000000008a500000, 0x000000008a600000|  0%| F|  |TAMS 0x000000008a500000| PB 0x000000008a500000| Untracked 
| 166|0x000000008a600000, 0x000000008a600000, 0x000000008a700000|  0%| F|  |TAMS 0x000000008a600000| PB 0x000000008a600000| Untracked 
| 167|0x000000008a700000, 0x000000008a700000, 0x000000008a800000|  0%| F|  |TAMS 0x000000008a700000| PB 0x000000008a700000| Untracked 
| 168|0x000000008a800000, 0x000000008a800000, 0x000000008a900000|  0%| F|  |TAMS 0x000000008a800000| PB 0x000000008a800000| Untracked 
| 169|0x000000008a900000, 0x000000008a900000, 0x000000008aa00000|  0%| F|  |TAMS 0x000000008a900000| PB 0x000000008a900000| Untracked 
| 170|0x000000008aa00000, 0x000000008aa00000, 0x000000008ab00000|  0%| F|  |TAMS 0x000000008aa00000| PB 0x000000008aa00000| Untracked 
| 171|0x000000008ab00000, 0x000000008ab00000, 0x000000008ac00000|  0%| F|  |TAMS 0x000000008ab00000| PB 0x000000008ab00000| Untracked 
| 172|0x000000008ac00000, 0x000000008ac00000, 0x000000008ad00000|  0%| F|  |TAMS 0x000000008ac00000| PB 0x000000008ac00000| Untracked 
| 173|0x000000008ad00000, 0x000000008ad00000, 0x000000008ae00000|  0%| F|  |TAMS 0x000000008ad00000| PB 0x000000008ad00000| Untracked 
| 174|0x000000008ae00000, 0x000000008ae00000, 0x000000008af00000|  0%| F|  |TAMS 0x000000008ae00000| PB 0x000000008ae00000| Untracked 
| 175|0x000000008af00000, 0x000000008af00000, 0x000000008b000000|  0%| F|  |TAMS 0x000000008af00000| PB 0x000000008af00000| Untracked 
| 176|0x000000008b000000, 0x000000008b000000, 0x000000008b100000|  0%| F|  |TAMS 0x000000008b000000| PB 0x000000008b000000| Untracked 
| 177|0x000000008b100000, 0x000000008b100000, 0x000000008b200000|  0%| F|  |TAMS 0x000000008b100000| PB 0x000000008b100000| Untracked 
| 178|0x000000008b200000, 0x000000008b200000, 0x000000008b300000|  0%| F|  |TAMS 0x000000008b200000| PB 0x000000008b200000| Untracked 
| 179|0x000000008b300000, 0x000000008b300000, 0x000000008b400000|  0%| F|  |TAMS 0x000000008b300000| PB 0x000000008b300000| Untracked 
| 180|0x000000008b400000, 0x000000008b400000, 0x000000008b500000|  0%| F|  |TAMS 0x000000008b400000| PB 0x000000008b400000| Untracked 
| 181|0x000000008b500000, 0x000000008b500000, 0x000000008b600000|  0%| F|  |TAMS 0x000000008b500000| PB 0x000000008b500000| Untracked 
| 182|0x000000008b600000, 0x000000008b600000, 0x000000008b700000|  0%| F|  |TAMS 0x000000008b600000| PB 0x000000008b600000| Untracked 
| 183|0x000000008b700000, 0x000000008b700000, 0x000000008b800000|  0%| F|  |TAMS 0x000000008b700000| PB 0x000000008b700000| Untracked 
| 184|0x000000008b800000, 0x000000008b800000, 0x000000008b900000|  0%| F|  |TAMS 0x000000008b800000| PB 0x000000008b800000| Untracked 
| 185|0x000000008b900000, 0x000000008b900000, 0x000000008ba00000|  0%| F|  |TAMS 0x000000008b900000| PB 0x000000008b900000| Untracked 
| 186|0x000000008ba00000, 0x000000008ba00000, 0x000000008bb00000|  0%| F|  |TAMS 0x000000008ba00000| PB 0x000000008ba00000| Untracked 
| 187|0x000000008bb00000, 0x000000008bb00000, 0x000000008bc00000|  0%| F|  |TAMS 0x000000008bb00000| PB 0x000000008bb00000| Untracked 
| 188|0x000000008bc00000, 0x000000008bc00000, 0x000000008bd00000|  0%| F|  |TAMS 0x000000008bc00000| PB 0x000000008bc00000| Untracked 
| 189|0x000000008bd00000, 0x000000008bd00000, 0x000000008be00000|  0%| F|  |TAMS 0x000000008bd00000| PB 0x000000008bd00000| Untracked 
| 190|0x000000008be00000, 0x000000008be00000, 0x000000008bf00000|  0%| F|  |TAMS 0x000000008be00000| PB 0x000000008be00000| Untracked 
| 191|0x000000008bf00000, 0x000000008bf00000, 0x000000008c000000|  0%| F|  |TAMS 0x000000008bf00000| PB 0x000000008bf00000| Untracked 
| 192|0x000000008c000000, 0x000000008c000000, 0x000000008c100000|  0%| F|  |TAMS 0x000000008c000000| PB 0x000000008c000000| Untracked 
| 193|0x000000008c100000, 0x000000008c100000, 0x000000008c200000|  0%| F|  |TAMS 0x000000008c100000| PB 0x000000008c100000| Untracked 
| 194|0x000000008c200000, 0x000000008c200000, 0x000000008c300000|  0%| F|  |TAMS 0x000000008c200000| PB 0x000000008c200000| Untracked 
| 195|0x000000008c300000, 0x000000008c300000, 0x000000008c400000|  0%| F|  |TAMS 0x000000008c300000| PB 0x000000008c300000| Untracked 
| 196|0x000000008c400000, 0x000000008c400000, 0x000000008c500000|  0%| F|  |TAMS 0x000000008c400000| PB 0x000000008c400000| Untracked 
| 197|0x000000008c500000, 0x000000008c500000, 0x000000008c600000|  0%| F|  |TAMS 0x000000008c500000| PB 0x000000008c500000| Untracked 
| 198|0x000000008c600000, 0x000000008c600000, 0x000000008c700000|  0%| F|  |TAMS 0x000000008c600000| PB 0x000000008c600000| Untracked 
| 199|0x000000008c700000, 0x000000008c700000, 0x000000008c800000|  0%| F|  |TAMS 0x000000008c700000| PB 0x000000008c700000| Untracked 
| 200|0x000000008c800000, 0x000000008c800000, 0x000000008c900000|  0%| F|  |TAMS 0x000000008c800000| PB 0x000000008c800000| Untracked 
| 201|0x000000008c900000, 0x000000008c900000, 0x000000008ca00000|  0%| F|  |TAMS 0x000000008c900000| PB 0x000000008c900000| Untracked 
| 202|0x000000008ca00000, 0x000000008ca00000, 0x000000008cb00000|  0%| F|  |TAMS 0x000000008ca00000| PB 0x000000008ca00000| Untracked 
| 203|0x000000008cb00000, 0x000000008cb00000, 0x000000008cc00000|  0%| F|  |TAMS 0x000000008cb00000| PB 0x000000008cb00000| Untracked 
| 204|0x000000008cc00000, 0x000000008cc00000, 0x000000008cd00000|  0%| F|  |TAMS 0x000000008cc00000| PB 0x000000008cc00000| Untracked 
| 205|0x000000008cd00000, 0x000000008cd00000, 0x000000008ce00000|  0%| F|  |TAMS 0x000000008cd00000| PB 0x000000008cd00000| Untracked 
| 206|0x000000008ce00000, 0x000000008ce00000, 0x000000008cf00000|  0%| F|  |TAMS 0x000000008ce00000| PB 0x000000008ce00000| Untracked 
| 207|0x000000008cf00000, 0x000000008cf00000, 0x000000008d000000|  0%| F|  |TAMS 0x000000008cf00000| PB 0x000000008cf00000| Untracked 
| 208|0x000000008d000000, 0x000000008d000000, 0x000000008d100000|  0%| F|  |TAMS 0x000000008d000000| PB 0x000000008d000000| Untracked 
| 209|0x000000008d100000, 0x000000008d100000, 0x000000008d200000|  0%| F|  |TAMS 0x000000008d100000| PB 0x000000008d100000| Untracked 
| 210|0x000000008d200000, 0x000000008d200000, 0x000000008d300000|  0%| F|  |TAMS 0x000000008d200000| PB 0x000000008d200000| Untracked 
| 211|0x000000008d300000, 0x000000008d300000, 0x000000008d400000|  0%| F|  |TAMS 0x000000008d300000| PB 0x000000008d300000| Untracked 
| 212|0x000000008d400000, 0x000000008d400000, 0x000000008d500000|  0%| F|  |TAMS 0x000000008d400000| PB 0x000000008d400000| Untracked 
| 213|0x000000008d500000, 0x000000008d500000, 0x000000008d600000|  0%| F|  |TAMS 0x000000008d500000| PB 0x000000008d500000| Untracked 
| 214|0x000000008d600000, 0x000000008d600000, 0x000000008d700000|  0%| F|  |TAMS 0x000000008d600000| PB 0x000000008d600000| Untracked 
| 215|0x000000008d700000, 0x000000008d700000, 0x000000008d800000|  0%| F|  |TAMS 0x000000008d700000| PB 0x000000008d700000| Untracked 
| 216|0x000000008d800000, 0x000000008d800000, 0x000000008d900000|  0%| F|  |TAMS 0x000000008d800000| PB 0x000000008d800000| Untracked 
| 217|0x000000008d900000, 0x000000008d900000, 0x000000008da00000|  0%| F|  |TAMS 0x000000008d900000| PB 0x000000008d900000| Untracked 
| 218|0x000000008da00000, 0x000000008da00000, 0x000000008db00000|  0%| F|  |TAMS 0x000000008da00000| PB 0x000000008da00000| Untracked 
|2037|0x00000000ff500000, 0x00000000ff600000, 0x00000000ff600000|100%| O|  |TAMS 0x00000000ff600000| PB 0x00000000ff500000| Untracked 
|2038|0x00000000ff600000, 0x00000000ff6b5168, 0x00000000ff700000| 70%| E|  |TAMS 0x00000000ff600000| PB 0x00000000ff600000| Complete 
|2039|0x00000000ff700000, 0x00000000ff800000, 0x00000000ff800000|100%| O|  |TAMS 0x00000000ff800000| PB 0x00000000ff700000| Untracked 
|2040|0x00000000ff800000, 0x00000000ff900000, 0x00000000ff900000|100%| E|CS|TAMS 0x00000000ff800000| PB 0x00000000ff800000| Complete 
|2041|0x00000000ff900000, 0x00000000ffa00000, 0x00000000ffa00000|100%| O|  |TAMS 0x00000000ffa00000| PB 0x00000000ff900000| Untracked 
|2042|0x00000000ffa00000, 0x00000000ffb00000, 0x00000000ffb00000|100%| O|  |TAMS 0x00000000ffb00000| PB 0x00000000ffa00000| Untracked 
|2043|0x00000000ffb00000, 0x00000000ffc00000, 0x00000000ffc00000|100%| O|  |TAMS 0x00000000ffc00000| PB 0x00000000ffb00000| Untracked 
|2044|0x00000000ffc00000, 0x00000000ffd00000, 0x00000000ffd00000|100%| O|  |TAMS 0x00000000ffd00000| PB 0x00000000ffc00000| Untracked 
|2045|0x00000000ffd00000, 0x00000000ffe00000, 0x00000000ffe00000|100%| E|CS|TAMS 0x00000000ffd00000| PB 0x00000000ffd00000| Complete 
|2046|0x00000000ffe00000, 0x00000000fff00000, 0x00000000fff00000|100%| O|  |TAMS 0x00000000fff00000| PB 0x00000000ffe00000| Untracked 
|2047|0x00000000fff00000, 0x0000000100000000, 0x0000000100000000|100%| O|  |TAMS 0x0000000100000000| PB 0x00000000fff00000| Untracked 

Card table byte_map: [0x000001cbe6c80000,0x000001cbe7080000] _byte_map_base: 0x000001cbe6880000

Marking Bits: (CMBitMap*) 0x000001cbcf1cc020
 Bits: [0x000001cbe7080000, 0x000001cbe9080000)

Polling page: 0x000001cbccee0000

Metaspace:

Usage:
  Non-class:    104.75 MB used.
      Class:     16.31 MB used.
       Both:    121.05 MB used.

Virtual space:
  Non-class space:      128.00 MB reserved,     106.06 MB ( 83%) committed,  2 nodes.
      Class space:        1.00 GB reserved,      17.56 MB (  2%) committed,  1 nodes.
             Both:        1.12 GB reserved,     123.62 MB ( 11%) committed. 

Chunk freelists:
   Non-Class:  5.92 MB
       Class:  14.32 MB
        Both:  20.25 MB

MaxMetaspaceSize: unlimited
CompressedClassSpaceSize: 1.00 GB
Initial GC threshold: 21.00 MB
Current GC threshold: 187.31 MB
CDS: on
 - commit_granule_bytes: 65536.
 - commit_granule_words: 8192.
 - virtual_space_node_default_size: 8388608.
 - enlarge_chunks_in_place: 1.
 - use_allocation_guard: 0.


Internal statistics:

num_allocs_failed_limit: 3.
num_arena_births: 4686.
num_arena_deaths: 0.
num_vsnodes_births: 3.
num_vsnodes_deaths: 0.
num_space_committed: 1976.
num_space_uncommitted: 0.
num_chunks_returned_to_freelist: 3.
num_chunks_taken_from_freelist: 10063.
num_chunk_merges: 3.
num_chunk_splits: 6871.
num_chunks_enlarged: 4611.
num_inconsistent_stats: 0.

CodeHeap 'non-profiled nmethods': size=120000Kb used=7036Kb max_used=7036Kb free=112963Kb
 bounds [0x000001cbdf350000, 0x000001cbdfa30000, 0x000001cbe6880000]
CodeHeap 'profiled nmethods': size=120000Kb used=24888Kb max_used=24888Kb free=95111Kb
 bounds [0x000001cbd7880000, 0x000001cbd90d0000, 0x000001cbdedb0000]
CodeHeap 'non-nmethods': size=5760Kb used=2859Kb max_used=2883Kb free=2900Kb
 bounds [0x000001cbdedb0000, 0x000001cbdf090000, 0x000001cbdf350000]
CodeCache: size=245760Kb, used=34783Kb, max_used=34807Kb, free=210974Kb
 total_blobs=13284, nmethods=12181, adapters=1006, full_count=0
Compilation: enabled, stopped_count=0, restarted_count=0

Compilation events (20 events):
Event: 150.443 Thread 0x000001cbeb545550 14227       3       org.jetbrains.kotlin.load.java.lazy.LazyJavaPackageFragmentProvider::getPackageFragment (46 bytes)
Event: 150.444 Thread 0x000001cbeb545550 nmethod 14227 0x000001cbd90bcd90 code [0x000001cbd90bcfe0, 0x000001cbd90bd970]
Event: 150.444 Thread 0x000001cbeb545550 14228       3       org.jetbrains.kotlin.load.java.lazy.LazyJavaPackageFragmentProvider$$Lambda/0x000001cb81fdbac0::<init> (15 bytes)
Event: 150.445 Thread 0x000001cbeb545550 nmethod 14228 0x000001cbd90bdd10 code [0x000001cbd90bdec0, 0x000001cbd90be0e0]
Event: 150.453 Thread 0x000001cbeb545550 14229       3       java.util.RegularEnumSet$EnumSetIterator::next (60 bytes)
Event: 150.453 Thread 0x000001cbeb545550 nmethod 14229 0x000001cbd90be190 code [0x000001cbd90be360, 0x000001cbd90be610]
Event: 150.455 Thread 0x000001cbeb545550 14230       1       org.jetbrains.kotlin.load.java.JavaClassFinder$Request::getClassId (5 bytes)
Event: 150.456 Thread 0x000001cbeb545550 nmethod 14230 0x000001cbdfa2dc10 code [0x000001cbdfa2dda0, 0x000001cbdfa2de68]
Event: 150.461 Thread 0x000001cbeb545550 14231       3       org.jetbrains.kotlin.cli.jvm.compiler.KotlinCliJavaFileManagerImpl::findVirtualFileForTopLevelClass (209 bytes)
Event: 150.467 Thread 0x000001cbeb545550 nmethod 14231 0x000001cbd90be790 code [0x000001cbd90bede0, 0x000001cbd90c1c40]
Event: 150.467 Thread 0x000001cbeb545550 14232       3       kotlin.collections.SetsKt___SetsKt::minus (148 bytes)
Event: 150.470 Thread 0x000001cbeb545550 nmethod 14232 0x000001cbd90c2d10 code [0x000001cbd90c3200, 0x000001cbd90c5728]
Event: 150.470 Thread 0x000001cbeb545550 14234       3       org.jetbrains.kotlin.load.java.lazy.descriptors.LazyJavaPackageScope$$Lambda/0x000001cb81fdec00::invoke (16 bytes)
Event: 150.470 Thread 0x000001cbeb545550 nmethod 14234 0x000001cbd90c6190 code [0x000001cbd90c6340, 0x000001cbd90c6580]
Event: 150.470 Thread 0x000001cbeb545550 14233       3       org.jetbrains.kotlin.load.java.JavaClassFinder$Request::<init> (26 bytes)
Event: 150.471 Thread 0x000001cbeb545550 nmethod 14233 0x000001cbd90c6690 code [0x000001cbd90c68e0, 0x000001cbd90c7108]
Event: 150.479 Thread 0x000001cbeb545550 14236       3       org.jetbrains.kotlin.serialization.deserialization.descriptors.DeserializedSimpleFunctionDescriptor::<init> (106 bytes)
Event: 150.483 Thread 0x000001cbeb545550 nmethod 14236 0x000001cbd90c7410 code [0x000001cbd90c7980, 0x000001cbd90ca088]
Event: 150.483 Thread 0x000001cbeb545550 14237       3       kotlin.collections.CollectionsKt__CollectionsKt::listOf (22 bytes)
Event: 150.485 Thread 0x000001cbeb545550 nmethod 14237 0x000001cbd90cae90 code [0x000001cbd90cb1a0, 0x000001cbd90cc158]

GC Heap History (20 events):
Event: 115.203 GC heap before
{Heap before GC invocations=47 (full 0):
 garbage-first heap   total 148480K, used 120992K [0x0000000080000000, 0x0000000100000000)
  region size 1024K, 34 young (34816K), 5 survivors (5120K)
 Metaspace       used 94222K, committed 96448K, reserved 1179648K
  class space    used 13377K, committed 14464K, reserved 1048576K
}
Event: 115.218 GC heap after
{Heap after GC invocations=48 (full 0):
 garbage-first heap   total 148480K, used 93401K [0x0000000080000000, 0x0000000100000000)
  region size 1024K, 5 young (5120K), 5 survivors (5120K)
 Metaspace       used 94222K, committed 96448K, reserved 1179648K
  class space    used 13377K, committed 14464K, reserved 1048576K
}
Event: 116.905 GC heap before
{Heap before GC invocations=49 (full 0):
 garbage-first heap   total 168960K, used 146649K [0x0000000080000000, 0x0000000100000000)
  region size 1024K, 49 young (50176K), 5 survivors (5120K)
 Metaspace       used 94665K, committed 96896K, reserved 1179648K
  class space    used 13389K, committed 14464K, reserved 1048576K
}
Event: 116.952 GC heap after
{Heap after GC invocations=50 (full 0):
 garbage-first heap   total 168960K, used 109081K [0x0000000080000000, 0x0000000100000000)
  region size 1024K, 7 young (7168K), 7 survivors (7168K)
 Metaspace       used 94665K, committed 96896K, reserved 1179648K
  class space    used 13389K, committed 14464K, reserved 1048576K
}
Event: 118.905 GC heap before
{Heap before GC invocations=50 (full 0):
 garbage-first heap   total 168960K, used 150041K [0x0000000080000000, 0x0000000100000000)
  region size 1024K, 47 young (48128K), 7 survivors (7168K)
 Metaspace       used 94667K, committed 96896K, reserved 1179648K
  class space    used 13389K, committed 14464K, reserved 1048576K
}
Event: 118.963 GC heap after
{Heap after GC invocations=51 (full 0):
 garbage-first heap   total 172032K, used 121344K [0x0000000080000000, 0x0000000100000000)
  region size 1024K, 6 young (6144K), 6 survivors (6144K)
 Metaspace       used 94667K, committed 96896K, reserved 1179648K
  class space    used 13389K, committed 14464K, reserved 1048576K
}
Event: 120.949 GC heap before
{Heap before GC invocations=51 (full 0):
 garbage-first heap   total 172032K, used 152064K [0x0000000080000000, 0x0000000100000000)
  region size 1024K, 36 young (36864K), 6 survivors (6144K)
 Metaspace       used 97176K, committed 99392K, reserved 1179648K
  class space    used 13718K, committed 14784K, reserved 1048576K
}
Event: 120.969 GC heap after
{Heap after GC invocations=52 (full 0):
 garbage-first heap   total 172032K, used 125793K [0x0000000080000000, 0x0000000100000000)
  region size 1024K, 4 young (4096K), 4 survivors (4096K)
 Metaspace       used 97176K, committed 99392K, reserved 1179648K
  class space    used 13718K, committed 14784K, reserved 1048576K
}
Event: 123.891 GC heap before
{Heap before GC invocations=53 (full 0):
 garbage-first heap   total 208896K, used 161633K [0x0000000080000000, 0x0000000100000000)
  region size 1024K, 33 young (33792K), 4 survivors (4096K)
 Metaspace       used 99903K, committed 102080K, reserved 1179648K
  class space    used 14004K, committed 15040K, reserved 1048576K
}
Event: 123.904 GC heap after
{Heap after GC invocations=54 (full 0):
 garbage-first heap   total 208896K, used 135745K [0x0000000080000000, 0x0000000100000000)
  region size 1024K, 4 young (4096K), 4 survivors (4096K)
 Metaspace       used 99903K, committed 102080K, reserved 1179648K
  class space    used 14004K, committed 15040K, reserved 1048576K
}
Event: 127.032 GC heap before
{Heap before GC invocations=54 (full 0):
 garbage-first heap   total 208896K, used 183873K [0x0000000080000000, 0x0000000100000000)
  region size 1024K, 51 young (52224K), 4 survivors (4096K)
 Metaspace       used 105612K, committed 107968K, reserved 1179648K
  class space    used 14571K, committed 15744K, reserved 1048576K
}
Event: 127.050 GC heap after
{Heap after GC invocations=55 (full 0):
 garbage-first heap   total 208896K, used 137532K [0x0000000080000000, 0x0000000100000000)
  region size 1024K, 7 young (7168K), 7 survivors (7168K)
 Metaspace       used 105612K, committed 107968K, reserved 1179648K
  class space    used 14571K, committed 15744K, reserved 1048576K
}
Event: 131.453 GC heap before
{Heap before GC invocations=55 (full 0):
 garbage-first heap   total 208896K, used 185660K [0x0000000080000000, 0x0000000100000000)
  region size 1024K, 54 young (55296K), 7 survivors (7168K)
 Metaspace       used 112120K, committed 114688K, reserved 1179648K
  class space    used 15439K, committed 16704K, reserved 1048576K
}
Event: 131.477 GC heap after
{Heap after GC invocations=56 (full 0):
 garbage-first heap   total 208896K, used 140500K [0x0000000080000000, 0x0000000100000000)
  region size 1024K, 7 young (7168K), 7 survivors (7168K)
 Metaspace       used 112120K, committed 114688K, reserved 1179648K
  class space    used 15439K, committed 16704K, reserved 1048576K
}
Event: 135.137 GC heap before
{Heap before GC invocations=57 (full 0):
 garbage-first heap   total 235520K, used 189652K [0x0000000080000000, 0x0000000100000000)
  region size 1024K, 54 young (55296K), 7 survivors (7168K)
 Metaspace       used 114640K, committed 117184K, reserved 1179648K
  class space    used 15756K, committed 17024K, reserved 1048576K
}
Event: 135.154 GC heap after
{Heap after GC invocations=58 (full 0):
 garbage-first heap   total 235520K, used 144512K [0x0000000080000000, 0x0000000100000000)
  region size 1024K, 7 young (7168K), 7 survivors (7168K)
 Metaspace       used 114640K, committed 117184K, reserved 1179648K
  class space    used 15756K, committed 17024K, reserved 1048576K
}
Event: 141.541 GC heap before
{Heap before GC invocations=58 (full 0):
 garbage-first heap   total 235520K, used 209024K [0x0000000080000000, 0x0000000100000000)
  region size 1024K, 70 young (71680K), 7 survivors (7168K)
 Metaspace       used 116551K, committed 119104K, reserved 1179648K
  class space    used 15926K, committed 17216K, reserved 1048576K
}
Event: 141.567 GC heap after
{Heap after GC invocations=59 (full 0):
 garbage-first heap   total 235520K, used 148317K [0x0000000080000000, 0x0000000100000000)
  region size 1024K, 9 young (9216K), 9 survivors (9216K)
 Metaspace       used 116551K, committed 119104K, reserved 1179648K
  class space    used 15926K, committed 17216K, reserved 1048576K
}
Event: 150.591 GC heap before
{Heap before GC invocations=59 (full 0):
 garbage-first heap   total 235520K, used 213853K [0x0000000080000000, 0x0000000100000000)
  region size 1024K, 73 young (74752K), 9 survivors (9216K)
 Metaspace       used 123534K, committed 126144K, reserved 1179648K
  class space    used 16647K, committed 17920K, reserved 1048576K
}
Event: 150.621 GC heap after
{Heap after GC invocations=60 (full 0):
 garbage-first heap   total 235520K, used 154297K [0x0000000080000000, 0x0000000100000000)
  region size 1024K, 6 young (6144K), 6 survivors (6144K)
 Metaspace       used 123534K, committed 126144K, reserved 1179648K
  class space    used 16647K, committed 17920K, reserved 1048576K
}

Dll operation events (15 events):
Event: 0.084 Loaded shared library C:\Program Files\Eclipse Adoptium\jdk-21.0.9.10-hotspot\bin\java.dll
Event: 0.187 Loaded shared library C:\Program Files\Eclipse Adoptium\jdk-21.0.9.10-hotspot\bin\jsvml.dll
Event: 0.335 Loaded shared library C:\Program Files\Eclipse Adoptium\jdk-21.0.9.10-hotspot\bin\zip.dll
Event: 0.348 Loaded shared library C:\Program Files\Eclipse Adoptium\jdk-21.0.9.10-hotspot\bin\instrument.dll
Event: 0.360 Loaded shared library C:\Program Files\Eclipse Adoptium\jdk-21.0.9.10-hotspot\bin\net.dll
Event: 0.366 Loaded shared library C:\Program Files\Eclipse Adoptium\jdk-21.0.9.10-hotspot\bin\nio.dll
Event: 0.374 Loaded shared library C:\Program Files\Eclipse Adoptium\jdk-21.0.9.10-hotspot\bin\zip.dll
Event: 2.843 Loaded shared library C:\Program Files\Eclipse Adoptium\jdk-21.0.9.10-hotspot\bin\jimage.dll
Event: 4.544 Loaded shared library C:\Program Files\Eclipse Adoptium\jdk-21.0.9.10-hotspot\bin\verify.dll
Event: 4.919 Loaded shared library C:\Users\cfm10\.gradle\native\1def1411415f61bf3af743bc5b6707747c0891f09f0c88961ee8f79bc544acac\windows-amd64\native-platform.dll
Event: 4.992 Loaded shared library C:\Users\cfm10\.gradle\native\0.2.7\x86_64-windows-gnu\gradle-fileevents.dll
Event: 13.840 Loaded shared library C:\Program Files\Eclipse Adoptium\jdk-21.0.9.10-hotspot\bin\management.dll
Event: 13.848 Loaded shared library C:\Program Files\Eclipse Adoptium\jdk-21.0.9.10-hotspot\bin\management_ext.dll
Event: 15.203 Loaded shared library C:\Program Files\Eclipse Adoptium\jdk-21.0.9.10-hotspot\bin\extnet.dll
Event: 16.953 Loaded shared library C:\Program Files\Eclipse Adoptium\jdk-21.0.9.10-hotspot\bin\sunmscapi.dll

Deoptimization events (20 events):
Event: 149.573 Thread 0x000001cbf0e62810 Uncommon trap: trap_request=0xffffffde fr.pc=0x000001cbdf919264 relative=0x0000000000000424
Event: 149.573 Thread 0x000001cbf0e62810 Uncommon trap: reason=class_check action=maybe_recompile pc=0x000001cbdf919264 method=org.jetbrains.kotlin.storage.LockBasedStorageManager$LockBasedLazyValue.invoke()Ljava/lang/Object; @ 24 c2
Event: 149.573 Thread 0x000001cbf0e62810 DEOPT PACKING pc=0x000001cbdf919264 sp=0x000000817fff47c0
Event: 149.574 Thread 0x000001cbf0e62810 DEOPT UNPACKING pc=0x000001cbdee04422 sp=0x000000817fff4770 mode 2
Event: 149.905 Thread 0x000001cbf0e62810 Uncommon trap: trap_request=0xffffffbe fr.pc=0x000001cbdfa126c8 relative=0x00000000000035c8
Event: 149.905 Thread 0x000001cbf0e62810 Uncommon trap: reason=profile_predicate action=maybe_recompile pc=0x000001cbdfa126c8 method=org.jetbrains.org.objectweb.asm.ClassReader.readMethod(Lorg/jetbrains/org/objectweb/asm/ClassVisitor;Lorg/jetbrains/org/objectweb/asm/Context;I)I @ 714 c2
Event: 149.905 Thread 0x000001cbf0e62810 DEOPT PACKING pc=0x000001cbdfa126c8 sp=0x000000817fff4c70
Event: 149.905 Thread 0x000001cbf0e62810 DEOPT UNPACKING pc=0x000001cbdee04422 sp=0x000000817fff4c68 mode 2
Event: 149.905 Thread 0x000001cbf0e62810 Uncommon trap: trap_request=0xffffffbe fr.pc=0x000001cbdfa126c8 relative=0x00000000000035c8
Event: 149.905 Thread 0x000001cbf0e62810 Uncommon trap: reason=profile_predicate action=maybe_recompile pc=0x000001cbdfa126c8 method=org.jetbrains.org.objectweb.asm.ClassReader.readMethod(Lorg/jetbrains/org/objectweb/asm/ClassVisitor;Lorg/jetbrains/org/objectweb/asm/Context;I)I @ 714 c2
Event: 149.905 Thread 0x000001cbf0e62810 DEOPT PACKING pc=0x000001cbdfa126c8 sp=0x000000817fff4c70
Event: 149.905 Thread 0x000001cbf0e62810 DEOPT UNPACKING pc=0x000001cbdee04422 sp=0x000000817fff4c68 mode 2
Event: 149.905 Thread 0x000001cbf0e62810 Uncommon trap: trap_request=0xffffffbe fr.pc=0x000001cbdfa126c8 relative=0x00000000000035c8
Event: 149.905 Thread 0x000001cbf0e62810 Uncommon trap: reason=profile_predicate action=maybe_recompile pc=0x000001cbdfa126c8 method=org.jetbrains.org.objectweb.asm.ClassReader.readMethod(Lorg/jetbrains/org/objectweb/asm/ClassVisitor;Lorg/jetbrains/org/objectweb/asm/Context;I)I @ 714 c2
Event: 149.905 Thread 0x000001cbf0e62810 DEOPT PACKING pc=0x000001cbdfa126c8 sp=0x000000817fff4c70
Event: 149.905 Thread 0x000001cbf0e62810 DEOPT UNPACKING pc=0x000001cbdee04422 sp=0x000000817fff4c68 mode 2
Event: 149.905 Thread 0x000001cbf0e62810 Uncommon trap: trap_request=0xffffffbe fr.pc=0x000001cbdfa126c8 relative=0x00000000000035c8
Event: 149.905 Thread 0x000001cbf0e62810 Uncommon trap: reason=profile_predicate action=maybe_recompile pc=0x000001cbdfa126c8 method=org.jetbrains.org.objectweb.asm.ClassReader.readMethod(Lorg/jetbrains/org/objectweb/asm/ClassVisitor;Lorg/jetbrains/org/objectweb/asm/Context;I)I @ 714 c2
Event: 149.905 Thread 0x000001cbf0e62810 DEOPT PACKING pc=0x000001cbdfa126c8 sp=0x000000817fff4c70
Event: 149.905 Thread 0x000001cbf0e62810 DEOPT UNPACKING pc=0x000001cbdee04422 sp=0x000000817fff4c68 mode 2

Classes loaded (20 events):
Event: 129.330 Loading class java/io/NotSerializableException
Event: 129.331 Loading class java/io/NotSerializableException done
Event: 129.664 Loading class java/util/AbstractList$ListItr
Event: 129.665 Loading class java/util/AbstractList$ListItr done
Event: 131.004 Loading class java/util/function/IntUnaryOperator
Event: 131.005 Loading class java/util/function/IntUnaryOperator done
Event: 131.338 Loading class java/util/AbstractList$SubList
Event: 131.340 Loading class java/util/AbstractList$SubList done
Event: 131.340 Loading class java/util/AbstractList$SubList$1
Event: 131.340 Loading class java/util/AbstractList$SubList$1 done
Event: 132.433 Loading class java/util/EnumMap$EntrySet
Event: 132.435 Loading class java/util/EnumMap$EntrySet done
Event: 132.435 Loading class java/util/EnumMap$EntryIterator
Event: 132.437 Loading class java/util/EnumMap$EnumMapIterator
Event: 132.441 Loading class java/util/EnumMap$EnumMapIterator done
Event: 132.441 Loading class java/util/EnumMap$EntryIterator done
Event: 132.441 Loading class java/util/EnumMap$EntryIterator$Entry
Event: 132.442 Loading class java/util/EnumMap$EntryIterator$Entry done
Event: 141.359 Loading class java/util/AbstractList$RandomAccessSubList
Event: 141.359 Loading class java/util/AbstractList$RandomAccessSubList done

Classes unloaded (0 events):
No events

Classes redefined (0 events):
No events

Internal exceptions (20 events):
Event: 116.488 Thread 0x000001cbf0e62810 Implicit null exception at 0x000001cbdf790fa7 to 0x000001cbdf79162c
Event: 126.678 Thread 0x000001cbf0e62810 Exception <a 'java/lang/NoSuchMethodError'{0x00000000894208f8}: 'java.lang.Object java.lang.invoke.DirectMethodHandle$Holder.newInvokeSpecial(java.lang.Object, java.lang.Object, java.lang.Object, java.lang.Object, java.lang.Object, java.lang.Object, java.lang.Object, java.lang.Object, java.lang.Object, java.lang.Object, java.lang.Object, java.lang.Object, java.lang.Object, java.lang.Object)'> (0x00000000894208f8) 
thrown [s\src\hotspot\share\interpreter\linkResolver.cpp, line 773]
Event: 126.813 Thread 0x000001cbf0e62810 Exception <a 'java/lang/NoSuchMethodError'{0x0000000089332a68}: 'java.lang.Object java.lang.invoke.DirectMethodHandle$Holder.newInvokeSpecial(java.lang.Object, java.lang.Object, java.lang.Object, java.lang.Object, java.lang.Object, java.lang.Object, java.lang.Object, java.lang.Object, java.lang.Object, java.lang.Object, java.lang.Object, java.lang.Object, java.lang.Object, java.lang.Object, java.lang.Object, java.lang.Object, java.lang.Object, java.lang.Object, java.lang.Object, java.lang.Object, java.lang
Event: 126.914 Thread 0x000001cbf0e62810 Exception <a 'java/lang/NoSuchMethodError'{0x00000000891226d8}: 'java.lang.Object java.lang.invoke.DirectMethodHandle$Holder.newInvokeSpecial(java.lang.Object, java.lang.Object, java.lang.Object, java.lang.Object, java.lang.Object, java.lang.Object, java.lang.Object, java.lang.Object, java.lang.Object, java.lang.Object, java.lang.Object, java.lang.Object, java.lang.Object, java.lang.Object, java.lang.Object, java.lang.Object, java.lang.Object, java.lang.Object, java.lang.Object, java.lang.Object)'> (0x0000
Event: 126.915 Thread 0x000001cbf0e62810 Exception <a 'java/lang/NoSuchMethodError'{0x0000000089129de8}: 'java.lang.Object java.lang.invoke.DirectMethodHandle$Holder.invokeSpecial(java.lang.Object, java.lang.Object, java.lang.Object, java.lang.Object, java.lang.Object, java.lang.Object, java.lang.Object, java.lang.Object, java.lang.Object, java.lang.Object, java.lang.Object, java.lang.Object, java.lang.Object, java.lang.Object, java.lang.Object, java.lang.Object, java.lang.Object, java.lang.Object, java.lang.Object, java.lang.Object, java.lang.Ob
Event: 126.916 Thread 0x000001cbf0e62810 Exception <a 'java/lang/NoSuchMethodError'{0x00000000891302f8}: 'java.lang.Object java.lang.invoke.DelegatingMethodHandle$Holder.reinvoke_L(java.lang.Object, java.lang.Object, java.lang.Object, java.lang.Object, java.lang.Object, java.lang.Object, java.lang.Object, java.lang.Object, java.lang.Object, java.lang.Object, java.lang.Object, java.lang.Object, java.lang.Object, java.lang.Object, java.lang.Object, java.lang.Object, java.lang.Object, java.lang.Object, java.lang.Object, java.lang.Object)'> (0x000000
Event: 132.736 Thread 0x000001cbf0e62810 Exception <a 'java/lang/NoSuchMethodError'{0x000000008d6e5aa0}: 'java.lang.Object java.lang.invoke.DirectMethodHandle$Holder.invokeStatic(java.lang.Object, java.lang.Object, java.lang.Object, java.lang.Object, java.lang.Object, int, java.lang.Object)'> (0x000000008d6e5aa0) 
thrown [s\src\hotspot\share\interpreter\linkResolver.cpp, line 773]
Event: 132.745 Thread 0x000001cbf0e62810 Exception <a 'java/lang/NoSuchMethodError'{0x000000008d6efbe0}: 'java.lang.Object java.lang.invoke.DirectMethodHandle$Holder.newInvokeSpecial(java.lang.Object, java.lang.Object, java.lang.Object, java.lang.Object, java.lang.Object, int, java.lang.Object)'> (0x000000008d6efbe0) 
thrown [s\src\hotspot\share\interpreter\linkResolver.cpp, line 773]
Event: 132.755 Thread 0x000001cbf0e62810 Exception <a 'java/lang/NoSuchMethodError'{0x000000008d6f8e40}: 'java.lang.Object java.lang.invoke.Invokers$Holder.linkToTargetMethod(java.lang.Object, java.lang.Object, java.lang.Object, java.lang.Object, int, java.lang.Object, java.lang.Object)'> (0x000000008d6f8e40) 
thrown [s\src\hotspot\share\interpreter\linkResolver.cpp, line 773]
Event: 133.995 Thread 0x000001cbf0e62810 Exception <a 'java/lang/NoSuchMethodError'{0x000000008bd48cc0}: 'java.lang.Object java.lang.invoke.DirectMethodHandle$Holder.invokeStatic(java.lang.Object, java.lang.Object, java.lang.Object, java.lang.Object, int, java.lang.Object, java.lang.Object)'> (0x000000008bd48cc0) 
thrown [s\src\hotspot\share\interpreter\linkResolver.cpp, line 773]
Event: 142.600 Thread 0x000001cbf0e62810 Exception <a 'java/lang/NoSuchMethodError'{0x000000008d8d45d0}: 'java.lang.Object java.lang.invoke.DirectMethodHandle$Holder.invokeStatic(java.lang.Object, int, java.lang.Object, java.lang.Object, java.lang.Object, java.lang.Object, java.lang.Object, java.lang.Object)'> (0x000000008d8d45d0) 
thrown [s\src\hotspot\share\interpreter\linkResolver.cpp, line 773]
Event: 142.602 Thread 0x000001cbf0e62810 Exception <a 'java/lang/NoSuchMethodError'{0x000000008d8df708}: 'java.lang.Object java.lang.invoke.DirectMethodHandle$Holder.newInvokeSpecial(java.lang.Object, int, java.lang.Object, java.lang.Object, java.lang.Object, java.lang.Object, java.lang.Object)'> (0x000000008d8df708) 
thrown [s\src\hotspot\share\interpreter\linkResolver.cpp, line 773]
Event: 142.603 Thread 0x000001cbf0e62810 Exception <a 'java/lang/NoSuchMethodError'{0x000000008d8e4fe0}: 'java.lang.Object java.lang.invoke.DirectMethodHandle$Holder.invokeSpecial(java.lang.Object, java.lang.Object, int, java.lang.Object, java.lang.Object, java.lang.Object, java.lang.Object, java.lang.Object)'> (0x000000008d8e4fe0) 
thrown [s\src\hotspot\share\interpreter\linkResolver.cpp, line 773]
Event: 142.858 Thread 0x000001cbf0e62810 Exception <a 'java/lang/NoSuchMethodError'{0x000000008d5786f0}: 'java.lang.Object java.lang.invoke.DirectMethodHandle$Holder.invokeStatic(java.lang.Object, int, java.lang.Object)'> (0x000000008d5786f0) 
thrown [s\src\hotspot\share\interpreter\linkResolver.cpp, line 773]
Event: 143.271 Thread 0x000001cbf0e62810 Exception <a 'java/lang/IncompatibleClassChangeError'{0x000000008d2d9070}: Found class java.lang.Object, but interface was expected> (0x000000008d2d9070) 
thrown [s\src\hotspot\share\interpreter\linkResolver.cpp, line 840]
Event: 143.411 Thread 0x000001cbf0e62810 Exception <a 'java/lang/NoSuchMethodError'{0x000000008d169448}: 'int java.lang.invoke.DirectMethodHandle$Holder.invokeStaticInit(java.lang.Object, int)'> (0x000000008d169448) 
thrown [s\src\hotspot\share\interpreter\linkResolver.cpp, line 773]
Event: 145.147 Thread 0x000001cbf0e62810 Exception <a 'java/lang/NoSuchMethodError'{0x000000008c8380b0}: 'int java.lang.invoke.DirectMethodHandle$Holder.invokeSpecial(java.lang.Object, java.lang.Object, int, int)'> (0x000000008c8380b0) 
thrown [s\src\hotspot\share\interpreter\linkResolver.cpp, line 773]
Event: 147.970 Thread 0x000001cbf0e62810 Exception <a 'java/lang/NoSuchMethodError'{0x000000008bfefed0}: 'java.lang.Object java.lang.invoke.DirectMethodHandle$Holder.newInvokeSpecial(java.lang.Object, java.lang.Object, java.lang.Object, java.lang.Object, java.lang.Object, java.lang.Object, java.lang.Object, int)'> (0x000000008bfefed0) 
thrown [s\src\hotspot\share\interpreter\linkResolver.cpp, line 773]
Event: 147.972 Thread 0x000001cbf0e62810 Exception <a 'java/lang/NoSuchMethodError'{0x000000008bff5c70}: 'java.lang.Object java.lang.invoke.DirectMethodHandle$Holder.invokeSpecial(java.lang.Object, java.lang.Object, java.lang.Object, java.lang.Object, java.lang.Object, java.lang.Object, java.lang.Object, java.lang.Object, int)'> (0x000000008bff5c70) 
thrown [s\src\hotspot\share\interpreter\linkResolver.cpp, line 773]
Event: 147.972 Thread 0x000001cbf0e62810 Exception <a 'java/lang/NoSuchMethodError'{0x000000008bffb160}: 'java.lang.Object java.lang.invoke.Invokers$Holder.linkToTargetMethod(java.lang.Object, java.lang.Object, java.lang.Object, java.lang.Object, java.lang.Object, java.lang.Object, int, java.lang.Object)'> (0x000000008bffb160) 
thrown [s\src\hotspot\share\interpreter\linkResolver.cpp, line 773]

ZGC Phase Switch (0 events):
No events

VM Operations (20 events):
Event: 145.593 Executing VM operation: ICBufferFull
Event: 145.594 Executing VM operation: ICBufferFull done
Event: 146.605 Executing VM operation: Cleanup
Event: 146.605 Executing VM operation: Cleanup done
Event: 147.620 Executing VM operation: Cleanup
Event: 147.636 Executing VM operation: Cleanup done
Event: 148.374 Executing VM operation: HandshakeAllThreads (Deoptimize)
Event: 148.374 Executing VM operation: HandshakeAllThreads (Deoptimize) done
Event: 149.169 Executing VM operation: HandshakeAllThreads (Deoptimize)
Event: 149.169 Executing VM operation: HandshakeAllThreads (Deoptimize) done
Event: 149.169 Executing VM operation: Cleanup
Event: 149.169 Executing VM operation: Cleanup done
Event: 149.201 Executing VM operation: HandshakeAllThreads (Deoptimize)
Event: 149.201 Executing VM operation: HandshakeAllThreads (Deoptimize) done
Event: 149.746 Executing VM operation: HandshakeAllThreads (Deoptimize)
Event: 149.747 Executing VM operation: HandshakeAllThreads (Deoptimize) done
Event: 150.238 Executing VM operation: ICBufferFull
Event: 150.238 Executing VM operation: ICBufferFull done
Event: 150.591 Executing VM operation: G1CollectForAllocation (G1 Evacuation Pause)
Event: 150.622 Executing VM operation: G1CollectForAllocation (G1 Evacuation Pause) done

Memory protections (0 events):
No events

Nmethod flushes (20 events):
Event: 131.958 Thread 0x000001cbeb4f9710 flushing  nmethod 0x000001cbd7aabc90
Event: 131.958 Thread 0x000001cbeb4f9710 flushing  nmethod 0x000001cbd7aac110
Event: 131.958 Thread 0x000001cbeb4f9710 flushing  nmethod 0x000001cbd7b8ae10
Event: 131.958 Thread 0x000001cbeb4f9710 flushing  nmethod 0x000001cbd7c17910
Event: 131.958 Thread 0x000001cbeb4f9710 flushing  nmethod 0x000001cbd7d39890
Event: 131.958 Thread 0x000001cbeb4f9710 flushing  nmethod 0x000001cbd7dcfa10
Event: 131.958 Thread 0x000001cbeb4f9710 flushing  nmethod 0x000001cbd7e62910
Event: 131.958 Thread 0x000001cbeb4f9710 flushing  nmethod 0x000001cbd7ed4390
Event: 131.958 Thread 0x000001cbeb4f9710 flushing  nmethod 0x000001cbd7fc5810
Event: 131.958 Thread 0x000001cbeb4f9710 flushing  nmethod 0x000001cbd80f9f90
Event: 131.958 Thread 0x000001cbeb4f9710 flushing  nmethod 0x000001cbd8404c10
Event: 131.958 Thread 0x000001cbeb4f9710 flushing  nmethod 0x000001cbd859a110
Event: 131.958 Thread 0x000001cbeb4f9710 flushing  nmethod 0x000001cbd859b190
Event: 131.958 Thread 0x000001cbeb4f9710 flushing  nmethod 0x000001cbd862a590
Event: 131.958 Thread 0x000001cbeb4f9710 flushing  nmethod 0x000001cbd86c3a90
Event: 131.958 Thread 0x000001cbeb4f9710 flushing  nmethod 0x000001cbd86e3c10
Event: 131.958 Thread 0x000001cbeb4f9710 flushing  nmethod 0x000001cbd86e5c90
Event: 131.958 Thread 0x000001cbeb4f9710 flushing  nmethod 0x000001cbd892f710
Event: 131.958 Thread 0x000001cbeb4f9710 flushing  nmethod 0x000001cbd8932590
Event: 131.958 Thread 0x000001cbeb4f9710 flushing  nmethod 0x000001cbd899b990

Events (20 events):
Event: 32.537 Thread 0x000001cbf15a2da0 Thread added: 0x000001cbf2119610
Event: 32.664 Thread 0x000001cbf0e62810 Thread added: 0x000001cbf2118260
Event: 32.701 Thread 0x000001cbf0e62810 Thread added: 0x000001cbf21188f0
Event: 36.371 Thread 0x000001cbf0e62810 Thread added: 0x000001cbf2119ca0
Event: 37.003 Thread 0x000001cbf0e62810 Thread added: 0x000001cbf2116820
Event: 42.781 Thread 0x000001cbf0e62810 Thread added: 0x000001cbf2118f80
Event: 43.201 Thread 0x000001cbf0e62810 Thread added: 0x000001cbf2116eb0
Event: 49.452 Thread 0x000001cbf0e62810 Thread added: 0x000001cbf2117bd0
Event: 49.847 Thread 0x000001cbf0e62810 Thread added: 0x000001cbf11b9740
Event: 68.949 Thread 0x000001cbf0e62810 Thread added: 0x000001cbf11bdf70
Event: 68.950 Thread 0x000001cbf0e62810 Thread added: 0x000001cbf11bb180
Event: 68.950 Thread 0x000001cbf0e62810 Thread added: 0x000001cbf11bf320
Event: 69.433 Thread 0x000001cbf0e62810 Thread added: 0x000001cbf11bcbc0
Event: 69.435 Thread 0x000001cbf0e62810 Thread added: 0x000001cbf11bc530
Event: 69.437 Thread 0x000001cbf0e62810 Thread added: 0x000001cbf11bd250
Event: 70.713 Thread 0x000001cbf0e62810 Thread added: 0x000001cbf11bb810
Event: 70.714 Thread 0x000001cbf0e62810 Thread added: 0x000001cbf11bbea0
Event: 70.715 Thread 0x000001cbf0e62810 Thread added: 0x000001cbf11bec90
Event: 85.288 Thread 0x000001cbf0e62810 Thread added: 0x000001cbf11c0040
Event: 95.990 Thread 0x000001cbf0e62810 Thread added: 0x000001cbf11b9dd0


Dynamic libraries:
0x00007ff6f2480000 - 0x00007ff6f248e000 	C:\Program Files\Eclipse Adoptium\jdk-21.0.9.10-hotspot\bin\java.exe
0x00007ffc75910000 - 0x00007ffc75b09000 	C:\WINDOWS\SYSTEM32\ntdll.dll
0x00007ffc74430000 - 0x00007ffc744f2000 	C:\WINDOWS\System32\KERNEL32.DLL
0x00007ffc732a0000 - 0x00007ffc73597000 	C:\WINDOWS\System32\KERNELBASE.dll
0x00007ffc6f4f0000 - 0x00007ffc6f584000 	C:\WINDOWS\SYSTEM32\apphelp.dll
0x00007ffc73170000 - 0x00007ffc73270000 	C:\WINDOWS\System32\ucrtbase.dll
0x00007ffc54cf0000 - 0x00007ffc54d08000 	C:\Program Files\Eclipse Adoptium\jdk-21.0.9.10-hotspot\bin\jli.dll
0x00007ffc74ac0000 - 0x00007ffc74c5d000 	C:\WINDOWS\System32\USER32.dll
0x00007ffc73770000 - 0x00007ffc73792000 	C:\WINDOWS\System32\win32u.dll
0x00007ffc74680000 - 0x00007ffc746ab000 	C:\WINDOWS\System32\GDI32.dll
0x00007ffc737a0000 - 0x00007ffc738ba000 	C:\WINDOWS\System32\gdi32full.dll
0x00007ffc73650000 - 0x00007ffc736ed000 	C:\WINDOWS\System32\msvcp_win.dll
0x00007ffc57510000 - 0x00007ffc5752e000 	C:\Program Files\Eclipse Adoptium\jdk-21.0.9.10-hotspot\bin\VCRUNTIME140.dll
0x00007ffc627d0000 - 0x00007ffc62a6b000 	C:\WINDOWS\WinSxS\amd64_microsoft.windows.common-controls_6595b64144ccf1df_6.0.19041.6926_none_60b5a53971f8f7e6\COMCTL32.dll
0x00007ffc74500000 - 0x00007ffc7459e000 	C:\WINDOWS\System32\msvcrt.dll
0x00007ffc73920000 - 0x00007ffc7394f000 	C:\WINDOWS\System32\IMM32.DLL
0x00007ffc57890000 - 0x00007ffc5789c000 	C:\Program Files\Eclipse Adoptium\jdk-21.0.9.10-hotspot\bin\vcruntime140_1.dll
0x00007ffc3d740000 - 0x00007ffc3d7cd000 	C:\Program Files\Eclipse Adoptium\jdk-21.0.9.10-hotspot\bin\msvcp140.dll
0x00007ffc2a190000 - 0x00007ffc2af30000 	C:\Program Files\Eclipse Adoptium\jdk-21.0.9.10-hotspot\bin\server\jvm.dll
0x00007ffc756a0000 - 0x00007ffc75751000 	C:\WINDOWS\System32\ADVAPI32.dll
0x00007ffc757c0000 - 0x00007ffc7585f000 	C:\WINDOWS\System32\sechost.dll
0x00007ffc74e80000 - 0x00007ffc74fa6000 	C:\WINDOWS\System32\RPCRT4.dll
0x00007ffc73270000 - 0x00007ffc73297000 	C:\WINDOWS\System32\bcrypt.dll
0x00007ffc74e10000 - 0x00007ffc74e7b000 	C:\WINDOWS\System32\WS2_32.dll
0x00007ffc72490000 - 0x00007ffc724db000 	C:\WINDOWS\SYSTEM32\POWRPROF.dll
0x00007ffc5f820000 - 0x00007ffc5f847000 	C:\WINDOWS\SYSTEM32\WINMM.dll
0x00007ffc63720000 - 0x00007ffc6372a000 	C:\WINDOWS\SYSTEM32\VERSION.dll
0x00007ffc72300000 - 0x00007ffc72312000 	C:\WINDOWS\SYSTEM32\UMPDC.dll
0x00007ffc71750000 - 0x00007ffc71762000 	C:\WINDOWS\SYSTEM32\kernel.appcore.dll
0x00007ffc57600000 - 0x00007ffc5760a000 	C:\Program Files\Eclipse Adoptium\jdk-21.0.9.10-hotspot\bin\jimage.dll
0x00007ffc70c10000 - 0x00007ffc70e11000 	C:\WINDOWS\SYSTEM32\DBGHELP.DLL
0x00007ffc5f6c0000 - 0x00007ffc5f6f4000 	C:\WINDOWS\SYSTEM32\dbgcore.DLL
0x00007ffc730e0000 - 0x00007ffc73162000 	C:\WINDOWS\System32\bcryptPrimitives.dll
0x00007ffc6bca0000 - 0x00007ffc6bcaf000 	C:\Program Files\Eclipse Adoptium\jdk-21.0.9.10-hotspot\bin\instrument.dll
0x00007ffc54a90000 - 0x00007ffc54ab0000 	C:\Program Files\Eclipse Adoptium\jdk-21.0.9.10-hotspot\bin\java.dll
0x00007ffc73950000 - 0x00007ffc740c1000 	C:\WINDOWS\System32\SHELL32.dll
0x00007ffc70e20000 - 0x00007ffc715c6000 	C:\WINDOWS\SYSTEM32\windows.storage.dll
0x00007ffc746b0000 - 0x00007ffc74a03000 	C:\WINDOWS\System32\combase.dll
0x00007ffc728c0000 - 0x00007ffc728eb000 	C:\WINDOWS\SYSTEM32\Wldp.dll
0x00007ffc755c0000 - 0x00007ffc75696000 	C:\WINDOWS\System32\OLEAUT32.dll
0x00007ffc75510000 - 0x00007ffc755bd000 	C:\WINDOWS\System32\SHCORE.dll
0x00007ffc75870000 - 0x00007ffc758cb000 	C:\WINDOWS\System32\shlwapi.dll
0x00007ffc72ea0000 - 0x00007ffc72ec4000 	C:\WINDOWS\SYSTEM32\profapi.dll
0x00007ffc3d660000 - 0x00007ffc3d737000 	C:\Program Files\Eclipse Adoptium\jdk-21.0.9.10-hotspot\bin\jsvml.dll
0x00007ffc53c60000 - 0x00007ffc53c78000 	C:\Program Files\Eclipse Adoptium\jdk-21.0.9.10-hotspot\bin\zip.dll
0x00007ffc57350000 - 0x00007ffc57360000 	C:\Program Files\Eclipse Adoptium\jdk-21.0.9.10-hotspot\bin\net.dll
0x00007ffc68160000 - 0x00007ffc6826a000 	C:\WINDOWS\SYSTEM32\WINHTTP.dll
0x00007ffc72670000 - 0x00007ffc726da000 	C:\WINDOWS\system32\mswsock.dll
0x00007ffc53c40000 - 0x00007ffc53c56000 	C:\Program Files\Eclipse Adoptium\jdk-21.0.9.10-hotspot\bin\nio.dll
0x00007ffc57060000 - 0x00007ffc57070000 	C:\Program Files\Eclipse Adoptium\jdk-21.0.9.10-hotspot\bin\verify.dll
0x00007ffc55760000 - 0x00007ffc55787000 	C:\Users\cfm10\.gradle\native\1def1411415f61bf3af743bc5b6707747c0891f09f0c88961ee8f79bc544acac\windows-amd64\native-platform.dll
0x00007ffc49950000 - 0x00007ffc499c8000 	C:\Users\cfm10\.gradle\native\0.2.7\x86_64-windows-gnu\gradle-fileevents.dll
0x00007ffc6d960000 - 0x00007ffc6d96a000 	C:\Program Files\Eclipse Adoptium\jdk-21.0.9.10-hotspot\bin\management.dll
0x00007ffc6c7b0000 - 0x00007ffc6c7bc000 	C:\Program Files\Eclipse Adoptium\jdk-21.0.9.10-hotspot\bin\management_ext.dll
0x00007ffc74fb0000 - 0x00007ffc74fb8000 	C:\WINDOWS\System32\PSAPI.DLL
0x00007ffc72320000 - 0x00007ffc7235b000 	C:\WINDOWS\SYSTEM32\IPHLPAPI.DLL
0x00007ffc75860000 - 0x00007ffc75868000 	C:\WINDOWS\System32\NSI.dll
0x00007ffc6c7a0000 - 0x00007ffc6c7a9000 	C:\Program Files\Eclipse Adoptium\jdk-21.0.9.10-hotspot\bin\extnet.dll
0x00007ffc72c00000 - 0x00007ffc72c18000 	C:\WINDOWS\SYSTEM32\CRYPTSP.dll
0x00007ffc71f40000 - 0x00007ffc71f78000 	C:\WINDOWS\system32\rsaenh.dll
0x00007ffc72e20000 - 0x00007ffc72e4e000 	C:\WINDOWS\SYSTEM32\USERENV.dll
0x00007ffc72830000 - 0x00007ffc7283c000 	C:\WINDOWS\SYSTEM32\CRYPTBASE.dll
0x00007ffc6d980000 - 0x00007ffc6d98e000 	C:\Program Files\Eclipse Adoptium\jdk-21.0.9.10-hotspot\bin\sunmscapi.dll
0x00007ffc72f80000 - 0x00007ffc730dd000 	C:\WINDOWS\System32\CRYPT32.dll
0x00007ffc72930000 - 0x00007ffc72957000 	C:\WINDOWS\SYSTEM32\ncrypt.dll
0x00007ffc728f0000 - 0x00007ffc7292b000 	C:\WINDOWS\SYSTEM32\NTASN1.dll
0x00007ffc19dd0000 - 0x00007ffc19dd7000 	C:\WINDOWS\system32\wshunix.dll

JVMTI agents:
C:\Users\cfm10\.gradle\wrapper\dists\gradle-8.13-bin\5xuhj0ry160q40clulazy9h7d\gradle-8.13\lib\agents\gradle-instrumentation-agent-8.13.jar path:C:\Program Files\Eclipse Adoptium\jdk-21.0.9.10-hotspot\bin\instrument.dll, loaded, initialized, instrumentlib options:none

dbghelp: loaded successfully - version: 4.0.5 - missing functions: none
symbol engine: initialized successfully - sym options: 0x614 - pdb path: .;C:\Program Files\Eclipse Adoptium\jdk-21.0.9.10-hotspot\bin;C:\WINDOWS\SYSTEM32;C:\WINDOWS\WinSxS\amd64_microsoft.windows.common-controls_6595b64144ccf1df_6.0.19041.6926_none_60b5a53971f8f7e6;C:\Program Files\Eclipse Adoptium\jdk-21.0.9.10-hotspot\bin\server;C:\Users\cfm10\.gradle\native\1def1411415f61bf3af743bc5b6707747c0891f09f0c88961ee8f79bc544acac\windows-amd64;C:\Users\cfm10\.gradle\native\0.2.7\x86_64-windows-gnu

VM Arguments:
jvm_args: --add-opens=java.base/java.lang=ALL-UNNAMED --add-opens=java.base/java.lang.invoke=ALL-UNNAMED --add-opens=java.base/java.util=ALL-UNNAMED --add-opens=java.prefs/java.util.prefs=ALL-UNNAMED --add-exports=jdk.compiler/com.sun.tools.javac.api=ALL-UNNAMED --add-exports=jdk.compiler/com.sun.tools.javac.util=ALL-UNNAMED --add-opens=java.base/java.util=ALL-UNNAMED --add-opens=java.prefs/java.util.prefs=ALL-UNNAMED --add-opens=java.base/java.nio.charset=ALL-UNNAMED --add-opens=java.base/java.net=ALL-UNNAMED --add-opens=java.base/java.util.concurrent.atomic=ALL-UNNAMED --add-opens=java.xml/javax.xml.namespace=ALL-UNNAMED -Xmx2048m -Dfile.encoding=UTF-8 -Duser.country=EC -Duser.language=es -Duser.variant -javaagent:C:\Users\cfm10\.gradle\wrapper\dists\gradle-8.13-bin\5xuhj0ry160q40clulazy9h7d\gradle-8.13\lib\agents\gradle-instrumentation-agent-8.13.jar 
java_command: org.gradle.launcher.daemon.bootstrap.GradleDaemon 8.13
java_class_path (initial): C:\Users\cfm10\.gradle\wrapper\dists\gradle-8.13-bin\5xuhj0ry160q40clulazy9h7d\gradle-8.13\lib\gradle-daemon-main-8.13.jar
Launcher Type: SUN_STANDARD

[Global flags]
     intx CICompilerCount                          = 3                                         {product} {ergonomic}
     uint ConcGCThreads                            = 1                                         {product} {ergonomic}
     uint G1ConcRefinementThreads                  = 4                                         {product} {ergonomic}
   size_t G1HeapRegionSize                         = 1048576                                   {product} {ergonomic}
    uintx GCDrainStackTargetSize                   = 64                                        {product} {ergonomic}
   size_t InitialHeapSize                          = 67108864                                  {product} {ergonomic}
   size_t MarkStackSize                            = 4194304                                   {product} {ergonomic}
   size_t MaxHeapSize                              = 2147483648                                {product} {command line}
   size_t MaxNewSize                               = 1287651328                                {product} {ergonomic}
   size_t MinHeapDeltaBytes                        = 1048576                                   {product} {ergonomic}
   size_t MinHeapSize                              = 8388608                                   {product} {ergonomic}
    uintx NonNMethodCodeHeapSize                   = 5832780                                {pd product} {ergonomic}
    uintx NonProfiledCodeHeapSize                  = 122912730                              {pd product} {ergonomic}
    uintx ProfiledCodeHeapSize                     = 122912730                              {pd product} {ergonomic}
    uintx ReservedCodeCacheSize                    = 251658240                              {pd product} {ergonomic}
     bool SegmentedCodeCache                       = true                                      {product} {ergonomic}
   size_t SoftMaxHeapSize                          = 2147483648                             {manageable} {ergonomic}
     bool UseCompressedOops                        = true                           {product lp64_product} {ergonomic}
     bool UseG1GC                                  = true                                      {product} {ergonomic}
     bool UseLargePagesIndividualAllocation        = false                                  {pd product} {ergonomic}

Logging:
Log output configuration:
 #0: stdout all=warning uptime,level,tags foldmultilines=false
 #1: stderr all=off uptime,level,tags foldmultilines=false

Release file:
IMPLEMENTOR="Eclipse Adoptium" 
IMPLEMENTOR_VERSION="Temurin-21.0.9+10" 
JAVA_RUNTIME_VERSION="21.0.9+10-LTS" 
JAVA_VERSION="21.0.9" 
JAVA_VERSION_DATE="2025-10-21" 
LIBC="default" 
MODULES="java.base java.compiler java.datatransfer java.xml java.prefs java.desktop java.instrument java.logging java.management java.security.sasl java.naming java.rmi java.management.rmi java.net.http java.scripting java.security.jgss java.transaction.xa java.sql java.sql.rowset java.xml.crypto java.se java.smartcardio jdk.accessibility jdk.internal.jvmstat jdk.attach jdk.charsets jdk.internal.opt jdk.zipfs jdk.compiler jdk.crypto.ec jdk.crypto.cryptoki jdk.crypto.mscapi jdk.dynalink jdk.internal.ed jdk.editpad jdk.hotspot.agent jdk.httpserver jdk.incubator.vector jdk.internal.le jdk.internal.vm.ci jdk.internal.vm.compiler jdk.internal.vm.compiler.management jdk.jartool jdk.javadoc jdk.jcmd jdk.management jdk.management.agent jdk.jconsole jdk.jdeps jdk.jdwp.agent jdk.jdi jdk.jfr jdk.jlink jdk.jpackage jdk.jshell jdk.jsobject jdk.jstatd jdk.localedata jdk.management.jfr jdk.naming.dns jdk.naming.rmi jdk.net jdk.nio.mapmode jdk.random jdk.sctp jdk.security.auth jdk.security.jgss jdk.unsupported jdk.unsupported.desktop jdk.xml.dom" 
OS_ARCH="x86_64" 
OS_NAME="Windows" 
SOURCE=".:git:759062135b07" 
BUILD_SOURCE="git:839fa0b45d809157cffd3dc8515aad262a4a1776"
BUILD_SOURCE_REPO="https://github.com/adoptium/temurin-build.git"
SOURCE_REPO="https://github.com/adoptium/jdk21u.git"
FULL_VERSION="21.0.9+10-LTS"
SEMANTIC_VERSION="21.0.9+10"
BUILD_INFO="OS: Windows Server 2022 Version: 10.0"
JVM_VARIANT="Hotspot"
JVM_VERSION="21.0.9+10-LTS"
IMAGE_TYPE="JDK"

Environment Variables:
JAVA_HOME=C:\Program Files\Eclipse Adoptium\jdk-21.0.9.10-hotspot
PATH=C:\Users\cfm10\AppData\Local\Programs\Microsoft VS Code;C:\Program Files\Eclipse Adoptium\jdk-21.0.9.10-hotspot\bin;C:\WINDOWS\system32;C:\WINDOWS;C:\WINDOWS\System32\Wbem;C:\WINDOWS\System32\WindowsPowerShell\v1.0\;C:\WINDOWS\System32\OpenSSH\;C:\Program Files\Git\cmd;C:\Android\cmdline-tools\latest\bin;C:\Program Files\Eclipse Adoptium\jdk-21.0.9.10-hotspot\bin;C:\Users\cfm10\AppData\Local\Pub\Cache\bin;C:\Program Files\nodejs\;C:\Program Files\PostgreSQL\18\bin;C:\Users\cfm10\AppData\Local\Programs\Python\Python312\Scripts\;C:\Users\cfm10\AppData\Local\Programs\Python\Python312\;C:\Users\cfm10\AppData\Local\Programs\Python\Launcher\;C:\Users\cfm10\AppData\Local\Microsoft\WindowsApps;C:\Users\cfm10\AppData\Local\Programs\Microsoft VS Code\bin;C:\flutter\bin;C:\Android\cmdline-tools\latest\bin;C:\Program Files\Eclipse Adoptium\jdk-21.0.9.10-hotspot\bin;C:\Users\cfm10\AppData\Local\Pub\Cache\bin;C:\Users\cfm10\AppData\Roaming\npm;C:\Users\cfm10\AppData\Local\Programs\mongosh\;C:\Program Files\PostgreSQL\18\bin;
USERNAME=cfm10
OS=Windows_NT
PROCESSOR_IDENTIFIER=Intel64 Family 6 Model 61 Stepping 4, GenuineIntel
TMP=C:\Users\cfm10\AppData\Local\Temp
TEMP=C:\Users\cfm10\AppData\Local\Temp




Periodic native trim disabled

---------------  S Y S T E M  ---------------

OS:
 Windows 10 , 64 bit Build 19041 (10.0.19041.7291)
OS uptime: 5 days 7:39 hours
Hyper-V role detected

CPU: total 4 (initial active 4) (2 cores per cpu, 2 threads per core) family 6 model 61 stepping 4 microcode 0x2d, cx8, cmov, fxsr, ht, mmx, 3dnowpref, sse, sse2, sse3, ssse3, sse4.1, sse4.2, popcnt, lzcnt, tsc, tscinvbit, avx, avx2, aes, erms, clmul, bmi1, bmi2, adx, fma, vzeroupper, clflush, hv, rdtscp, f16c
Processor Information for the first 4 processors :
  Max Mhz: 2000, Current Mhz: 2000, Mhz Limit: 2000

Memory: 4k page, system-wide physical 4016M (238M free)
TotalPageFile size 13802M (AvailPageFile size 5M)
current process WorkingSet (physical memory assigned to process): 421M, peak: 441M
current process commit charge ("private bytes"): 573M, peak: 574M

vm_info: OpenJDK 64-Bit Server VM (21.0.9+10-LTS) for windows-amd64 JRE (21.0.9+10-LTS), built on 2025-10-21T00:00:00Z by "admin" with unknown MS VC++:1942

END.
